after 1440 /services/domestic PASS
after 1440 /services/international PASS
after 1440 /about PASS
after 1440 /contact PASS
after 1440 /get-a-quote PASS
after 1440 /faq PASS
after 1440 /track PASS
after 1440 /privacy PASS
after 1440 /terms PASS
after 1440 /404.html PASS
after 768 /services/domestic PASS
after 768 /services/international PASS
after 768 /about PASS
after 768 /contact PASS
after 768 /get-a-quote PASS
after 768 /faq PASS
after 768 /track PASS
after 768 /privacy PASS
after 768 /terms PASS
after 768 /404.html PASS
after 390 /services/domestic PASS
after 390 /services/international PASS
after 390 /about PASS
after 390 /contact PASS
after 390 /get-a-quote PASS
after 390 /faq PASS
after 390 /track PASS
after 390 /privacy PASS
after 390 /terms PASS
after 390 /404.html PASS
after 360 /services/domestic PASS
after 360 /services/international PASS
after 360 /about PASS
after 360 /contact PASS
after 360 /get-a-quote PASS
after 360 /faq PASS
after 360 /track PASS
after 360 /privacy PASS
after 360 /terms PASS
after 360 /404.html PASS
Layout differences: 0
