[WebServer] (node:13883) Warning: The 'NO_COLOR' env is ignored due to the 'FORCE_COLOR' env being set.
[WebServer] (Use `node --trace-warnings ...` to show where the warning was created)

Running 46 tests using 2 workers

(node:13884) Warning: The 'NO_COLOR' env is ignored due to the 'FORCE_COLOR' env being set.
(Use `node --trace-warnings ...` to show where the warning was created)
(node:13885) Warning: The 'NO_COLOR' env is ignored due to the 'FORCE_COLOR' env being set.
(Use `node --trace-warnings ...` to show where the warning was created)
  ✓   1 [desktop] › tests/e2e/public.spec.ts:3:1 › homepage keeps its hero content with a static truck image (190ms)
  ✓   2 [desktop] › tests/e2e/contact-validation.spec.ts:27:1 › blank optional Phone with spaces reaches only the mocked FormSubmit endpoint (324ms)
  ✓   3 [desktop] › tests/e2e/public.spec.ts:17:1 › quote form explains that enquiries do not confirm bookings (127ms)
  ✓   5 [desktop] › tests/e2e/public.spec.ts:23:1 › mobile navigation is keyboard and touch accessible (160ms)
  ✓   4 [desktop] › tests/e2e/contact-validation.spec.ts:38:1 › invalid Email gets its own error and focus without any submission request (207ms)
  ✓   6 [desktop] › tests/e2e/public.spec.ts:30:1 › all public routes preserve direct navigation without duplicate renderers (392ms)
  ✓   7 [desktop] › tests/e2e/contact-validation.spec.ts:50:1 › Subject and Message minimum errors focus the first invalid field and retain text (441ms)
  ✓   8 [desktop] › tests/e2e/public.spec.ts:40:1 › history, resize and repeated route changes preserve one static hero visual (304ms)
  ✓  10 [desktop] › tests/e2e/public.spec.ts:58:1 › increased text size keeps key actions available (102ms)
  ✓   9 [desktop] › tests/e2e/contact-validation.spec.ts:65:1 › optional Email stays optional when Phone is valid (547ms)
  ✓  11 [desktop] › tests/e2e/public.spec.ts:65:1 › quote fields keep their values through resize and menu changes (374ms)
  ✓  12 [desktop] › tests/e2e/contact-validation.spec.ts:76:1 › failed provider request remains separate from field errors and preserves inputs (254ms)
  ✓  13 [desktop] › tests/e2e/public.spec.ts:75:1 › tracking offers company contact without a lookup (107ms)
  ✓  15 [desktop] › tests/e2e/public.spec.ts:84:1 › all four shipping steps show equally sized, eagerly loaded photographs (329ms)
  ✓  14 [desktop] › tests/e2e/quote-formsubmit.spec.ts:39:1 › Quote goes only to FormSubmit with every detail and validated Reply-To (489ms)
(node:13909) Warning: The 'NO_COLOR' env is ignored due to the 'FORCE_COLOR' env being set.
(Use `node --trace-warnings ...` to show where the warning was created)
  ✓  16 [desktop] › tests/e2e/quote-formsubmit.spec.ts:59:1 › invalid inputs and honeypot never reach a network request (454ms)
  ✓  18 [desktop] › tests/e2e/quote-formsubmit.spec.ts:76:1 › empty optional fields omit Reply-To without dropping units or false (409ms)
  ✓  17 [mobile] › tests/e2e/contact-validation.spec.ts:27:1 › blank optional Phone with spaces reaches only the mocked FormSubmit endpoint (1.1s)
  ✓  19 [desktop] › tests/e2e/quote-formsubmit.spec.ts:88:3 › rejected: preserves values, releases loading and never retries automatically (646ms)
  ✓  20 [mobile] › tests/e2e/contact-validation.spec.ts:38:1 › invalid Email gets its own error and focus without any submission request (1.0s)
  ✓  21 [desktop] › tests/e2e/quote-formsubmit.spec.ts:88:3 › malformed: preserves values, releases loading and never retries automatically (1.4s)
  ✓  22 [mobile] › tests/e2e/contact-validation.spec.ts:50:1 › Subject and Message minimum errors focus the first invalid field and retain text (1.0s)
  ✓  24 [mobile] › tests/e2e/contact-validation.spec.ts:65:1 › optional Email stays optional when Phone is valid (185ms)
  ✓  25 [mobile] › tests/e2e/contact-validation.spec.ts:76:1 › failed provider request remains separate from field errors and preserves inputs (227ms)
  ✓  26 [mobile] › tests/e2e/public.spec.ts:3:1 › homepage keeps its hero content with a static truck image (111ms)
  ✓  27 [mobile] › tests/e2e/public.spec.ts:17:1 › quote form explains that enquiries do not confirm bookings (109ms)
  ✓  28 [mobile] › tests/e2e/public.spec.ts:23:1 › mobile navigation is keyboard and touch accessible (120ms)
  ✓  23 [desktop] › tests/e2e/quote-formsubmit.spec.ts:88:3 › network: preserves values, releases loading and never retries automatically (1.4s)
  ✓  29 [mobile] › tests/e2e/public.spec.ts:30:1 › all public routes preserve direct navigation without duplicate renderers (337ms)
  ✓  31 [mobile] › tests/e2e/public.spec.ts:40:1 › history, resize and repeated route changes preserve one static hero visual (244ms)
  ✓  32 [mobile] › tests/e2e/public.spec.ts:58:1 › increased text size keeps key actions available (101ms)
  ✓  30 [desktop] › tests/e2e/quote-formsubmit.spec.ts:88:3 › timeout: preserves values, releases loading and never retries automatically (679ms)
  ✓  33 [mobile] › tests/e2e/public.spec.ts:65:1 › quote fields keep their values through resize and menu changes (344ms)
  ✓  35 [mobile] › tests/e2e/public.spec.ts:75:1 › tracking offers company contact without a lookup (100ms)
  ✓  36 [mobile] › tests/e2e/public.spec.ts:84:1 › all four shipping steps show equally sized, eagerly loaded photographs (340ms)
  ✓  34 [desktop] › tests/e2e/quote-formsubmit.spec.ts:88:3 › contradictory: preserves values, releases loading and never retries automatically (651ms)
  ✓  37 [mobile] › tests/e2e/quote-formsubmit.spec.ts:39:1 › Quote goes only to FormSubmit with every detail and validated Reply-To (432ms)
  ✓  38 [desktop] › tests/e2e/quote-formsubmit.spec.ts:113:1 › session attempt limit remains eight attempts per fifteen minutes (815ms)
  ✓  39 [mobile] › tests/e2e/quote-formsubmit.spec.ts:59:1 › invalid inputs and honeypot never reach a network request (1.4s)
  ✓  40 [mobile] › tests/e2e/quote-formsubmit.spec.ts:76:1 › empty optional fields omit Reply-To without dropping units or false (394ms)
  ✓  41 [mobile] › tests/e2e/quote-formsubmit.spec.ts:88:3 › rejected: preserves values, releases loading and never retries automatically (893ms)
  ✓  42 [mobile] › tests/e2e/quote-formsubmit.spec.ts:88:3 › malformed: preserves values, releases loading and never retries automatically (1.7s)
  ✓  43 [mobile] › tests/e2e/quote-formsubmit.spec.ts:88:3 › network: preserves values, releases loading and never retries automatically (834ms)
  ✓  44 [mobile] › tests/e2e/quote-formsubmit.spec.ts:88:3 › timeout: preserves values, releases loading and never retries automatically (1.7s)
  ✓  45 [mobile] › tests/e2e/quote-formsubmit.spec.ts:88:3 › contradictory: preserves values, releases loading and never retries automatically (872ms)
  ✓  46 [mobile] › tests/e2e/quote-formsubmit.spec.ts:113:1 › session attempt limit remains eight attempts per fifteen minutes (1.7s)

  46 passed (18.2s)
