motion 1440 /services/domestic PASS 0 reveals
motion 1440 /services/international PASS 0 reveals
motion 1440 /about PASS 0 reveals
motion 1440 /contact PASS 0 reveals
motion 1440 /get-a-quote PASS 0 reveals
motion 1440 /faq PASS 0 reveals
motion 1440 /track PASS 0 reveals
motion 1440 /privacy PASS 0 reveals
motion 1440 /terms PASS 0 reveals
motion 1440 /404.html PASS 0 reveals
motion 768 /services/domestic PASS 0 reveals
motion 768 /services/international PASS 0 reveals
motion 768 /about PASS 0 reveals
motion 768 /contact PASS 0 reveals
motion 768 /get-a-quote PASS 0 reveals
motion 768 /faq PASS 0 reveals
motion 768 /track PASS 0 reveals
motion 768 /privacy PASS 0 reveals
motion 768 /terms PASS 0 reveals
motion 768 /404.html PASS 0 reveals
motion 390 /services/domestic PASS 0 reveals
motion 390 /services/international PASS 0 reveals
motion 390 /about PASS 0 reveals
motion 390 /contact PASS 0 reveals
motion 390 /get-a-quote PASS 0 reveals
motion 390 /faq PASS 0 reveals
motion 390 /track PASS 0 reveals
motion 390 /privacy PASS 0 reveals
motion 390 /terms PASS 0 reveals
motion 390 /404.html PASS 0 reveals
motion 360 /services/domestic PASS 0 reveals
motion 360 /services/international PASS 0 reveals
motion 360 /about PASS 0 reveals
motion 360 /contact PASS 0 reveals
motion 360 /get-a-quote PASS 0 reveals
motion 360 /faq PASS 0 reveals
motion 360 /track PASS 0 reveals
motion 360 /privacy PASS 0 reveals
motion 360 /terms PASS 0 reveals
motion 360 /404.html PASS 0 reveals
