
> vk-and-company@1.0.0 verify:content
> node scripts/verify-content.mjs


> vk-and-company@1.0.0 build
> next build --webpack

▲ Next.js 16.3.4 (webpack)
✓ Running next.config.ts took 75ms

  Creating an optimized production build ...
✓ Compiled successfully in 1621ms
  Running TypeScript ...
  Finished TypeScript in 1049ms ...
  Collecting page data using 9 workers ...
  Generating static pages using 9 workers (0/14) ...
  Generating static pages using 9 workers (3/14) 
  Generating static pages using 9 workers (6/14) 
  Generating static pages using 9 workers (10/14) 
✓ Generating static pages using 9 workers (14/14) in 141ms
  Finalizing page optimization ...
  Collecting build traces ...

Route (app)
┌ ○ /
├ ○ /_not-found
├ ○ /about
├ ○ /contact
├ ○ /faq
├ ○ /get-a-quote
├ ○ /privacy
├ ○ /robots.txt
├ ○ /services/domestic
├ ○ /services/international
├ ○ /sitemap.xml
├ ○ /terms
└ ○ /track


○  (Static)  prerendered as static content

PASS: 11 page outputs retain copy, sections, headings, links, images, controls, labels, form attributes, details and metadata; image bytes, business sources and static metadata/headers unchanged.
PASS: Domestic and International editorial prose matches MOTION_AUDIT.md and the pinned baseline byte-for-byte (UTF-8).
