[WebServer] (node:93658) Warning: The 'NO_COLOR' env is ignored due to the 'FORCE_COLOR' env being set.
[WebServer] (Use `node --trace-warnings ...` to show where the warning was created)

Running 64 tests using 2 workers

(node:93660) Warning: The 'NO_COLOR' env is ignored due to the 'FORCE_COLOR' env being set.
(Use `node --trace-warnings ...` to show where the warning was created)
(node:93659) Warning: The 'NO_COLOR' env is ignored due to the 'FORCE_COLOR' env being set.
(Use `node --trace-warnings ...` to show where the warning was created)
  ✓   2 [1440] › tests/e2e/image-feedback.spec.ts:15:28 › edge-to-edge photos and bounded taps / (7.0s)
  ✓   1 [768] › tests/e2e/image-feedback.spec.ts:15:28 › edge-to-edge photos and bounded taps / (7.0s)
  ✓   4 [768] › tests/e2e/image-feedback.spec.ts:15:28 › edge-to-edge photos and bounded taps /services/domestic (4.2s)
  ✓   3 [1440] › tests/e2e/image-feedback.spec.ts:15:28 › edge-to-edge photos and bounded taps /services/domestic (4.2s)
  ✓   5 [768] › tests/e2e/image-feedback.spec.ts:15:28 › edge-to-edge photos and bounded taps /services/international (4.0s)
  ✓   6 [1440] › tests/e2e/image-feedback.spec.ts:15:28 › edge-to-edge photos and bounded taps /services/international (4.1s)
  ✓   7 [768] › tests/e2e/image-feedback.spec.ts:15:28 › edge-to-edge photos and bounded taps /about (5.0s)
  ✓   8 [1440] › tests/e2e/image-feedback.spec.ts:15:28 › edge-to-edge photos and bounded taps /about (5.0s)
  ✓   9 [768] › tests/e2e/image-feedback.spec.ts:15:28 › edge-to-edge photos and bounded taps /contact (1.2s)
  ✓  10 [1440] › tests/e2e/image-feedback.spec.ts:15:28 › edge-to-edge photos and bounded taps /contact (1.2s)
  ✓  11 [768] › tests/e2e/image-feedback.spec.ts:15:28 › edge-to-edge photos and bounded taps /get-a-quote (454ms)
  ✓  13 [768] › tests/e2e/image-feedback.spec.ts:15:28 › edge-to-edge photos and bounded taps /faq (113ms)
  ✓  12 [1440] › tests/e2e/image-feedback.spec.ts:15:28 › edge-to-edge photos and bounded taps /get-a-quote (448ms)
  ✓  14 [768] › tests/e2e/image-feedback.spec.ts:15:28 › edge-to-edge photos and bounded taps /privacy (144ms)
  ✓  15 [1440] › tests/e2e/image-feedback.spec.ts:15:28 › edge-to-edge photos and bounded taps /faq (141ms)
  ✓  16 [768] › tests/e2e/image-feedback.spec.ts:15:28 › edge-to-edge photos and bounded taps /terms (137ms)
  ✓  17 [1440] › tests/e2e/image-feedback.spec.ts:15:28 › edge-to-edge photos and bounded taps /privacy (131ms)
  ✓  18 [768] › tests/e2e/image-feedback.spec.ts:15:28 › edge-to-edge photos and bounded taps /track (142ms)
  ✓  19 [1440] › tests/e2e/image-feedback.spec.ts:15:28 › edge-to-edge photos and bounded taps /terms (153ms)
  ✓  21 [1440] › tests/e2e/image-feedback.spec.ts:15:28 › edge-to-edge photos and bounded taps /track (122ms)
  ✓  22 [1440] › tests/e2e/image-feedback.spec.ts:55:1 › hover tilts only the coherent frame and settles on leave (284ms)
  ✓  20 [768] › tests/e2e/image-feedback.spec.ts:55:1 › hover tilts only the coherent frame and settles on leave (538ms)
  ✓  23 [1440] › tests/e2e/image-feedback.spec.ts:69:1 › existing Quote WebGL scene stays idle through pointer-disabled taps and offscreen (2.6s)
  ✓  24 [768] › tests/e2e/image-feedback.spec.ts:69:1 › existing Quote WebGL scene stays idle through pointer-disabled taps and offscreen (2.6s)
  ✓  25 [1440] › tests/e2e/image-feedback.spec.ts:91:1 › reduced motion and lost WebGL leave stationary feedback and essential content (431ms)
  ✓  26 [768] › tests/e2e/image-feedback.spec.ts:91:1 › reduced motion and lost WebGL leave stationary feedback and essential content (414ms)
  ✓  27 [1440] › tests/e2e/image-feedback.spec.ts:108:1 › WebGL unavailable from startup and JavaScript disabled preserve the photograph/form (285ms)
  ✓  28 [768] › tests/e2e/image-feedback.spec.ts:108:1 › WebGL unavailable from startup and JavaScript disabled preserve the photograph/form (256ms)
  ✓  30 [768] › tests/e2e/image-feedback.spec.ts:118:1 › native keyboard links, forms and menus remain unaffected (400ms)
  ✓  29 [1440] › tests/e2e/image-feedback.spec.ts:118:1 › native keyboard links, forms and menus remain unaffected (435ms)
  ✓  31 [768] › tests/e2e/image-feedback.spec.ts:132:1 › scroll, swipe, pinch, drag and selection do not create tap effects (382ms)
  ✓  32 [1440] › tests/e2e/image-feedback.spec.ts:132:1 › scroll, swipe, pinch, drag and selection do not create tap effects (424ms)
(node:93714) Warning: The 'NO_COLOR' env is ignored due to the 'FORCE_COLOR' env being set.
(Use `node --trace-warnings ...` to show where the warning was created)
(node:93715) Warning: The 'NO_COLOR' env is ignored due to the 'FORCE_COLOR' env being set.
(Use `node --trace-warnings ...` to show where the warning was created)
  ✓  34 [360] › tests/e2e/image-feedback.spec.ts:15:28 › edge-to-edge photos and bounded taps / (6.9s)
  ✓  33 [390] › tests/e2e/image-feedback.spec.ts:15:28 › edge-to-edge photos and bounded taps / (7.0s)
  ✓  35 [360] › tests/e2e/image-feedback.spec.ts:15:28 › edge-to-edge photos and bounded taps /services/domestic (4.0s)
  ✓  36 [390] › tests/e2e/image-feedback.spec.ts:15:28 › edge-to-edge photos and bounded taps /services/domestic (4.0s)
  ✓  37 [360] › tests/e2e/image-feedback.spec.ts:15:28 › edge-to-edge photos and bounded taps /services/international (4.0s)
  ✓  38 [390] › tests/e2e/image-feedback.spec.ts:15:28 › edge-to-edge photos and bounded taps /services/international (3.9s)
  ✓  40 [390] › tests/e2e/image-feedback.spec.ts:15:28 › edge-to-edge photos and bounded taps /about (4.9s)
  ✓  39 [360] › tests/e2e/image-feedback.spec.ts:15:28 › edge-to-edge photos and bounded taps /about (4.9s)
  ✓  42 [360] › tests/e2e/image-feedback.spec.ts:15:28 › edge-to-edge photos and bounded taps /contact (1.1s)
  ✓  41 [390] › tests/e2e/image-feedback.spec.ts:15:28 › edge-to-edge photos and bounded taps /contact (1.2s)
  ✓  43 [360] › tests/e2e/image-feedback.spec.ts:15:28 › edge-to-edge photos and bounded taps /get-a-quote (476ms)
  ✓  44 [390] › tests/e2e/image-feedback.spec.ts:15:28 › edge-to-edge photos and bounded taps /get-a-quote (490ms)
  ✓  45 [360] › tests/e2e/image-feedback.spec.ts:15:28 › edge-to-edge photos and bounded taps /faq (136ms)
  ✓  46 [390] › tests/e2e/image-feedback.spec.ts:15:28 › edge-to-edge photos and bounded taps /faq (126ms)
  ✓  47 [360] › tests/e2e/image-feedback.spec.ts:15:28 › edge-to-edge photos and bounded taps /privacy (127ms)
  ✓  48 [390] › tests/e2e/image-feedback.spec.ts:15:28 › edge-to-edge photos and bounded taps /privacy (135ms)
  ✓  49 [360] › tests/e2e/image-feedback.spec.ts:15:28 › edge-to-edge photos and bounded taps /terms (125ms)
  ✓  50 [390] › tests/e2e/image-feedback.spec.ts:15:28 › edge-to-edge photos and bounded taps /terms (137ms)
  ✓  51 [360] › tests/e2e/image-feedback.spec.ts:15:28 › edge-to-edge photos and bounded taps /track (127ms)
  ✓  52 [390] › tests/e2e/image-feedback.spec.ts:15:28 › edge-to-edge photos and bounded taps /track (138ms)
  -  53 [360] › tests/e2e/image-feedback.spec.ts:55:1 › hover tilts only the coherent frame and settles on leave
  -  54 [390] › tests/e2e/image-feedback.spec.ts:55:1 › hover tilts only the coherent frame and settles on leave
  ✓  55 [360] › tests/e2e/image-feedback.spec.ts:69:1 › existing Quote WebGL scene stays idle through pointer-disabled taps and offscreen (2.8s)
  ✓  56 [390] › tests/e2e/image-feedback.spec.ts:69:1 › existing Quote WebGL scene stays idle through pointer-disabled taps and offscreen (2.8s)
  ✓  57 [360] › tests/e2e/image-feedback.spec.ts:91:1 › reduced motion and lost WebGL leave stationary feedback and essential content (446ms)
  ✓  58 [390] › tests/e2e/image-feedback.spec.ts:91:1 › reduced motion and lost WebGL leave stationary feedback and essential content (488ms)
  ✓  59 [360] › tests/e2e/image-feedback.spec.ts:108:1 › WebGL unavailable from startup and JavaScript disabled preserve the photograph/form (293ms)
  ✓  60 [390] › tests/e2e/image-feedback.spec.ts:108:1 › WebGL unavailable from startup and JavaScript disabled preserve the photograph/form (279ms)
  ✓  61 [360] › tests/e2e/image-feedback.spec.ts:118:1 › native keyboard links, forms and menus remain unaffected (459ms)
  ✓  62 [390] › tests/e2e/image-feedback.spec.ts:118:1 › native keyboard links, forms and menus remain unaffected (487ms)
  ✓  63 [360] › tests/e2e/image-feedback.spec.ts:132:1 › scroll, swipe, pinch, drag and selection do not create tap effects (511ms)
  ✓  64 [390] › tests/e2e/image-feedback.spec.ts:132:1 › scroll, swipe, pinch, drag and selection do not create tap effects (521ms)

  2 skipped
  62 passed (54.4s)
