[WebServer] (node:29827) Warning: The 'NO_COLOR' env is ignored due to the 'FORCE_COLOR' env being set.
[WebServer] (Use `node --trace-warnings ...` to show where the warning was created)

Running 190 tests using 2 workers

(node:29829) Warning: The 'NO_COLOR' env is ignored due to the 'FORCE_COLOR' env being set.
(Use `node --trace-warnings ...` to show where the warning was created)
(node:29828) Warning: The 'NO_COLOR' env is ignored due to the 'FORCE_COLOR' env being set.
(Use `node --trace-warnings ...` to show where the warning was created)
  ✓    1 [desktop] › tests/e2e/contact-validation.spec.ts:27:1 › blank optional Phone with spaces reaches only the mocked FormSubmit endpoint (687ms)
  ✓    3 [desktop] › tests/e2e/contact-validation.spec.ts:38:1 › invalid Email gets its own error and focus without any submission request (386ms)
  ✓    4 [desktop] › tests/e2e/contact-validation.spec.ts:50:1 › Subject and Message minimum errors focus the first invalid field and retain text (1.1s)
  ✓    5 [desktop] › tests/e2e/contact-validation.spec.ts:65:1 › optional Email stays optional when Phone is valid (1.1s)
  ✓    6 [desktop] › tests/e2e/contact-validation.spec.ts:76:1 › failed provider request remains separate from field errors and preserves inputs (424ms)
  ✘    7 [desktop] › tests/e2e/image-feedback.spec.ts:16:28 › edge-to-edge photos and bounded taps / (442ms)
  ✓    2 [desktop] › tests/e2e/editorial-motion.spec.ts:25:1 › original section geometry, image fitting and alternating desktop order remain (4.3s)
(node:29906) Warning: The 'NO_COLOR' env is ignored due to the 'FORCE_COLOR' env being set.
(Use `node --trace-warnings ...` to show where the warning was created)
  ✘    9 [desktop] › tests/e2e/image-feedback.spec.ts:16:28 › edge-to-edge photos and bounded taps /services/domestic (426ms)
(node:29913) Warning: The 'NO_COLOR' env is ignored due to the 'FORCE_COLOR' env being set.
(Use `node --trace-warnings ...` to show where the warning was created)
  ✘   10 [desktop] › tests/e2e/image-feedback.spec.ts:16:28 › edge-to-edge photos and bounded taps /services/international (433ms)
(node:29920) Warning: The 'NO_COLOR' env is ignored due to the 'FORCE_COLOR' env being set.
(Use `node --trace-warnings ...` to show where the warning was created)
  ✘   11 [desktop] › tests/e2e/image-feedback.spec.ts:16:28 › edge-to-edge photos and bounded taps /about (430ms)
(node:29932) Warning: The 'NO_COLOR' env is ignored due to the 'FORCE_COLOR' env being set.
(Use `node --trace-warnings ...` to show where the warning was created)
  ✘   12 [desktop] › tests/e2e/image-feedback.spec.ts:16:28 › edge-to-edge photos and bounded taps /contact (433ms)
(node:29937) Warning: The 'NO_COLOR' env is ignored due to the 'FORCE_COLOR' env being set.
(Use `node --trace-warnings ...` to show where the warning was created)
  ✓   13 [desktop] › tests/e2e/image-feedback.spec.ts:16:28 › edge-to-edge photos and bounded taps /get-a-quote (643ms)
  ✓   14 [desktop] › tests/e2e/image-feedback.spec.ts:16:28 › edge-to-edge photos and bounded taps /faq (87ms)
  ✓   15 [desktop] › tests/e2e/image-feedback.spec.ts:16:28 › edge-to-edge photos and bounded taps /privacy (88ms)
  ✓   16 [desktop] › tests/e2e/image-feedback.spec.ts:16:28 › edge-to-edge photos and bounded taps /terms (88ms)
  ✓    8 [desktop] › tests/e2e/editorial-motion.spec.ts:53:1 › opposite-side text, per-line headings and grouped prose use the bounded timings (4.0s)
  ✓   17 [desktop] › tests/e2e/image-feedback.spec.ts:16:28 › edge-to-edge photos and bounded taps /track (89ms)
  ✓   19 [desktop] › tests/e2e/image-feedback.spec.ts:73:1 › hover tilts only the coherent frame and settles on leave (3.1s)
  ✓   20 [desktop] › tests/e2e/image-feedback.spec.ts:88:1 › existing Quote WebGL scene stays idle through pointer-disabled taps and offscreen (2.7s)
  ✓   21 [desktop] › tests/e2e/image-feedback.spec.ts:110:1 › reduced motion and lost WebGL leave stationary feedback and essential content (700ms)
  ✓   22 [desktop] › tests/e2e/image-feedback.spec.ts:127:1 › WebGL unavailable from startup and JavaScript disabled preserve the photograph/form (150ms)
  ✓   23 [desktop] › tests/e2e/image-feedback.spec.ts:137:1 › native keyboard links, forms and menus remain unaffected (230ms)
  ✓   24 [desktop] › tests/e2e/image-feedback.spec.ts:151:1 › scroll, swipe, pinch, drag and selection do not create tap effects (266ms)
  ✓   18 [desktop] › tests/e2e/editorial-motion.spec.ts:84:1 › parallax reverses with scroll; hovering and tapping never rotate a photograph (8.2s)
  ✓   25 [desktop] › tests/e2e/nav-motion.spec.ts:38:1 › frozen navigation and existing page geometry survive depth projection (1.5s)
  ✓   27 [desktop] › tests/e2e/nav-motion.spec.ts:53:1 › closed nav has its original keyboard order and unobscured focus rings (114ms)
  ✓   28 [desktop] › tests/e2e/nav-motion.spec.ts:74:3 › open menu traps both Tab directions, closes with Escape and restores focus (motion) (782ms)
  ✓   29 [desktop] › tests/e2e/nav-motion.spec.ts:112:3 › Lenis locks wheel, touch and keyboard without hiding body overflow (motion) (2.0s)
  ✓   26 [desktop] › tests/e2e/editorial-motion.spec.ts:112:1 › a paragraph in view before hydration stays immediately visible and never reveals (3.5s)
  ✓   30 [desktop] › tests/e2e/nav-motion.spec.ts:74:3 › open menu traps both Tab directions, closes with Escape and restores focus (reduced) (780ms)
  ✓   31 [desktop] › tests/e2e/editorial-motion.spec.ts:133:1 › reduced motion, no JavaScript, resize and native text links remain usable (1.8s)
  ✓   33 [desktop] › tests/e2e/process-motion.spec.ts:36:1 › same ordered list, four decoded equal photo frames, horizontal desktop and vertical mobile (704ms)
  ✓   32 [desktop] › tests/e2e/nav-motion.spec.ts:112:3 › Lenis locks wheel, touch and keyboard without hiding body overflow (reduced) (2.1s)
  ✓   34 [desktop] › tests/e2e/process-motion.spec.ts:52:1 › continuous scroll drives exact depth, opacity, number glow and line, reversible without a timer (1.6s)
  ✓   36 [desktop] › tests/e2e/process-motion.spec.ts:72:1 › tall viewport settles on a stable middle blend and survives resize (1.2s)
  ✓   35 [desktop] › tests/e2e/nav-motion.spec.ts:137:1 › scroll state changes only at the 80px boundary; hover uses transform and pseudo glow (3.2s)
  ✓   37 [desktop] › tests/e2e/process-motion.spec.ts:84:1 › reduced motion and JavaScript failure keep every step fully visible and line drawn (1.1s)
  ✓   39 [desktop] › tests/e2e/public.spec.ts:3:1 › homepage keeps its hero content with a static truck image (105ms)
  ✓   40 [desktop] › tests/e2e/public.spec.ts:17:1 › quote form explains that enquiries do not confirm bookings (90ms)
  ✓   41 [desktop] › tests/e2e/public.spec.ts:23:1 › mobile navigation is keyboard and touch accessible (121ms)
  ✓   42 [desktop] › tests/e2e/public.spec.ts:30:1 › all public routes preserve direct navigation without duplicate renderers (343ms)
  ✓   43 [desktop] › tests/e2e/public.spec.ts:40:1 › history, resize and repeated route changes preserve one static hero visual (268ms)
  ✓   38 [desktop] › tests/e2e/nav-motion.spec.ts:168:1 › repeat, live reduced motion, resize and navigation release the lock (1.5s)
  ✓   44 [desktop] › tests/e2e/public.spec.ts:58:1 › increased text size keeps key actions available (119ms)
  ✓   46 [desktop] › tests/e2e/public.spec.ts:65:1 › quote fields keep their values through resize and menu changes (126ms)
  ✓   47 [desktop] › tests/e2e/public.spec.ts:75:1 › tracking offers company contact without a lookup (91ms)
  ✓   45 [desktop] › tests/e2e/nav-motion.spec.ts:193:1 › short menus keep every keyboard focus ring inside the scrollable panel (599ms)
  ✓   48 [desktop] › tests/e2e/public.spec.ts:84:1 › all four shipping steps load on approach and keep equal photo frames (800ms)
  ✓   49 [desktop] › tests/e2e/quote-formsubmit.spec.ts:39:1 › Quote goes only to FormSubmit with every detail and validated Reply-To (1.7s)
  ✓   51 [desktop] › tests/e2e/quote-formsubmit.spec.ts:59:1 › invalid inputs and honeypot never reach a network request (592ms)
  ✓   50 [desktop] › tests/e2e/quote-hit-testing.spec.ts:25:45 › Quote submit hit testing at 360px › clickable without validation errors (1.9s)
  ✓   52 [desktop] › tests/e2e/quote-formsubmit.spec.ts:76:1 › empty optional fields omit Reply-To without dropping units or false (247ms)
  ✓   54 [desktop] › tests/e2e/quote-formsubmit.spec.ts:88:3 › rejected: preserves values, releases loading and never retries automatically (457ms)
  ✓   55 [desktop] › tests/e2e/quote-formsubmit.spec.ts:88:3 › malformed: preserves values, releases loading and never retries automatically (417ms)
  ✓   53 [desktop] › tests/e2e/quote-hit-testing.spec.ts:25:45 › Quote submit hit testing at 360px › clickable after repeated validation errors (1.9s)
  ✓   56 [desktop] › tests/e2e/quote-formsubmit.spec.ts:88:3 › network: preserves values, releases loading and never retries automatically (1.8s)
  ✓   58 [desktop] › tests/e2e/quote-formsubmit.spec.ts:88:3 › timeout: preserves values, releases loading and never retries automatically (360ms)
  ✓   57 [desktop] › tests/e2e/quote-hit-testing.spec.ts:25:45 › Quote submit hit testing at 390px › clickable without validation errors (1.8s)
  ✓   59 [desktop] › tests/e2e/quote-formsubmit.spec.ts:88:3 › contradictory: preserves values, releases loading and never retries automatically (1.8s)
  ✓   60 [desktop] › tests/e2e/quote-hit-testing.spec.ts:25:45 › Quote submit hit testing at 390px › clickable after repeated validation errors (1.5s)
  ✓   61 [desktop] › tests/e2e/quote-formsubmit.spec.ts:113:1 › session attempt limit remains eight attempts per fifteen minutes (1.0s)
  ✓   62 [desktop] › tests/e2e/quote-hit-testing.spec.ts:25:45 › Quote submit hit testing at 768px › clickable without validation errors (1.9s)
  ✘   63 [desktop] › tests/e2e/reference-designs.spec.ts:13:5 › domestic supplied design at 1440px (1.5s)
(node:30248) Warning: The 'NO_COLOR' env is ignored due to the 'FORCE_COLOR' env being set.
(Use `node --trace-warnings ...` to show where the warning was created)
  ✓   64 [desktop] › tests/e2e/quote-hit-testing.spec.ts:25:45 › Quote submit hit testing at 768px › clickable after repeated validation errors (1.6s)
  ✘   65 [desktop] › tests/e2e/reference-designs.spec.ts:13:5 › international supplied design at 1440px (1.5s)
(node:30263) Warning: The 'NO_COLOR' env is ignored due to the 'FORCE_COLOR' env being set.
(Use `node --trace-warnings ...` to show where the warning was created)
  ✓   66 [desktop] › tests/e2e/quote-hit-testing.spec.ts:25:45 › Quote submit hit testing at 1024px › clickable without validation errors (1.9s)
  ✓   67 [desktop] › tests/e2e/reference-designs.spec.ts:54:3 › Contact supplied design at 1440px (1.6s)
  ✓   68 [desktop] › tests/e2e/quote-hit-testing.spec.ts:25:45 › Quote submit hit testing at 1024px › clickable after repeated validation errors (1.3s)
  ✘   69 [desktop] › tests/e2e/reference-designs.spec.ts:13:5 › domestic supplied design at 390px (1.4s)
(node:30276) Warning: The 'NO_COLOR' env is ignored due to the 'FORCE_COLOR' env being set.
(Use `node --trace-warnings ...` to show where the warning was created)
  ✓   70 [desktop] › tests/e2e/quote-hit-testing.spec.ts:25:45 › Quote submit hit testing at 1440px › clickable without validation errors (1.9s)
  ✘   71 [desktop] › tests/e2e/reference-designs.spec.ts:13:5 › international supplied design at 390px (1.5s)
(node:30289) Warning: The 'NO_COLOR' env is ignored due to the 'FORCE_COLOR' env being set.
(Use `node --trace-warnings ...` to show where the warning was created)
  ✓   72 [desktop] › tests/e2e/quote-hit-testing.spec.ts:25:45 › Quote submit hit testing at 1440px › clickable after repeated validation errors (1.4s)
  ✓   73 [desktop] › tests/e2e/reference-designs.spec.ts:54:3 › Contact supplied design at 390px (1.5s)
  ✘   75 [desktop] › tests/e2e/reference-designs.spec.ts:13:5 › domestic supplied design at 360px (1.4s)
(node:30307) Warning: The 'NO_COLOR' env is ignored due to the 'FORCE_COLOR' env being set.
(Use `node --trace-warnings ...` to show where the warning was created)
  ✓   76 [desktop] › tests/e2e/reference-designs.spec.ts:13:5 › international supplied design at 360px (3.9s)
  ✓   77 [desktop] › tests/e2e/reference-designs.spec.ts:54:3 › Contact supplied design at 360px (1.4s)
  ✓   74 [desktop] › tests/e2e/service-tilt.spec.ts:14:53 › service tilt 768px › domestic: all three images spring within bounds and leave controls clickable (12.0s)
  ✓   78 [desktop] › tests/e2e/static-export.spec.ts:5:1 › exported URLs refresh, load assets and link only to public destinations (9.1s)
  ✓   80 [desktop] › tests/e2e/static-export.spec.ts:31:1 › retired routes and private paths are real 404s; Pages headers are preserved (214ms)
  ✓   81 [desktop] › tests/e2e/utility-motion.spec.ts:11:1 › native FAQ keyboard, answer hinge, rapid toggles and cleanup (1.1s)
  ✓   82 [desktop] › tests/e2e/utility-motion.spec.ts:37:49 › form depth, keyboard focus, values, notice and press /contact (1.8s)
  ✓   83 [desktop] › tests/e2e/utility-motion.spec.ts:37:49 › form depth, keyboard focus, values, notice and press /get-a-quote (1.9s)
  ✓   84 [desktop] › tests/e2e/utility-motion.spec.ts:64:1 › footer depth and native keyboard links (525ms)
  ✓   85 [desktop] › tests/e2e/utility-motion.spec.ts:77:1 › reduced motion and no-JS preserve final readable content and native details (310ms)
  ✓   79 [desktop] › tests/e2e/service-tilt.spec.ts:14:53 › service tilt 768px › international: all three images spring within bounds and leave controls clickable (12.1s)
  ✓   86 [desktop] › tests/e2e/visual.spec.ts:3:1 › capture the responsive editorial site with its static delivery visual (2.6s)
  ✓   88 [desktop] › tests/e2e/visual.spec.ts:49:1 › about what-we-do section matches the approved responsive structure (862ms)
(node:30381) Warning: The 'NO_COLOR' env is ignored due to the 'FORCE_COLOR' env being set.
(Use `node --trace-warnings ...` to show where the warning was created)
  ✓   89 [mobile] › tests/e2e/contact-validation.spec.ts:27:1 › blank optional Phone with spaces reaches only the mocked FormSubmit endpoint (1.1s)
  ✓   90 [mobile] › tests/e2e/contact-validation.spec.ts:38:1 › invalid Email gets its own error and focus without any submission request (151ms)
  ✓   91 [mobile] › tests/e2e/contact-validation.spec.ts:50:1 › Subject and Message minimum errors focus the first invalid field and retain text (143ms)
  ✓   92 [mobile] › tests/e2e/contact-validation.spec.ts:65:1 › optional Email stays optional when Phone is valid (1.1s)
  ✓   93 [mobile] › tests/e2e/contact-validation.spec.ts:76:1 › failed provider request remains separate from field errors and preserves inputs (231ms)
  ✓   94 [mobile] › tests/e2e/editorial-motion.spec.ts:25:1 › original section geometry, image fitting and alternating desktop order remain (4.0s)
  ✓   87 [desktop] › tests/e2e/service-tilt.spec.ts:14:53 › service tilt 1024px › domestic: all three images spring within bounds and leave controls clickable (12.0s)
  ✓   95 [mobile] › tests/e2e/editorial-motion.spec.ts:53:1 › opposite-side text, per-line headings and grouped prose use the bounded timings (3.9s)
  ✓   97 [mobile] › tests/e2e/editorial-motion.spec.ts:84:1 › parallax reverses with scroll; hovering and tapping never rotate a photograph (8.1s)
  ✓   96 [desktop] › tests/e2e/service-tilt.spec.ts:14:53 › service tilt 1024px › international: all three images spring within bounds and leave controls clickable (12.0s)
  ✓   98 [mobile] › tests/e2e/editorial-motion.spec.ts:112:1 › a paragraph in view before hydration stays immediately visible and never reveals (3.4s)
  ✓  100 [mobile] › tests/e2e/editorial-motion.spec.ts:133:1 › reduced motion, no JavaScript, resize and native text links remain usable (1.7s)
  ✓   99 [desktop] › tests/e2e/service-tilt.spec.ts:14:53 › service tilt 1440px › domestic: all three images spring within bounds and leave controls clickable (11.5s)
  ✓  101 [mobile] › tests/e2e/image-feedback.spec.ts:16:28 › edge-to-edge photos and bounded taps / (8.9s)
  ✓  103 [mobile] › tests/e2e/image-feedback.spec.ts:16:28 › edge-to-edge photos and bounded taps /services/domestic (4.2s)
  ✓  104 [mobile] › tests/e2e/image-feedback.spec.ts:16:28 › edge-to-edge photos and bounded taps /services/international (4.2s)
  ✓  102 [desktop] › tests/e2e/service-tilt.spec.ts:14:53 › service tilt 1440px › international: all three images spring within bounds and leave controls clickable (11.5s)
  ✓  105 [mobile] › tests/e2e/image-feedback.spec.ts:16:28 › edge-to-edge photos and bounded taps /about (5.2s)
  ✓  106 [desktop] › tests/e2e/service-tilt.spec.ts:75:5 › tilt disabled {"width":360,"touch":false,"reduced":false} › all six service photos stay flat (2.6s)
  ✓  107 [mobile] › tests/e2e/image-feedback.spec.ts:16:28 › edge-to-edge photos and bounded taps /contact (1.3s)
  ✓  109 [mobile] › tests/e2e/image-feedback.spec.ts:16:28 › edge-to-edge photos and bounded taps /get-a-quote (609ms)
  ✓  110 [mobile] › tests/e2e/image-feedback.spec.ts:16:28 › edge-to-edge photos and bounded taps /faq (83ms)
  ✓  111 [mobile] › tests/e2e/image-feedback.spec.ts:16:28 › edge-to-edge photos and bounded taps /privacy (86ms)
  ✓  112 [mobile] › tests/e2e/image-feedback.spec.ts:16:28 › edge-to-edge photos and bounded taps /terms (83ms)
  ✓  113 [mobile] › tests/e2e/image-feedback.spec.ts:16:28 › edge-to-edge photos and bounded taps /track (85ms)
  -  114 [mobile] › tests/e2e/image-feedback.spec.ts:73:1 › hover tilts only the coherent frame and settles on leave
  ✓  108 [desktop] › tests/e2e/service-tilt.spec.ts:75:5 › tilt disabled {"width":390,"touch":true,"reduced":false} › all six service photos stay flat (2.6s)
  ✓  115 [mobile] › tests/e2e/image-feedback.spec.ts:88:1 › existing Quote WebGL scene stays idle through pointer-disabled taps and offscreen (3.0s)
  ✓  116 [desktop] › tests/e2e/service-tilt.spec.ts:75:5 › tilt disabled {"width":1024,"touch":true,"reduced":false} › all six service photos stay flat (2.6s)
  ✓  117 [mobile] › tests/e2e/image-feedback.spec.ts:110:1 › reduced motion and lost WebGL leave stationary feedback and essential content (669ms)
  ✓  119 [mobile] › tests/e2e/image-feedback.spec.ts:127:1 › WebGL unavailable from startup and JavaScript disabled preserve the photograph/form (147ms)
  ✓  120 [mobile] › tests/e2e/image-feedback.spec.ts:137:1 › native keyboard links, forms and menus remain unaffected (250ms)
  ✓  121 [mobile] › tests/e2e/image-feedback.spec.ts:151:1 › scroll, swipe, pinch, drag and selection do not create tap effects (468ms)
  ✓  118 [desktop] › tests/e2e/service-tilt.spec.ts:75:5 › tilt disabled {"width":1440,"touch":false,"reduced":true} › all six service photos stay flat (2.4s)
(node:30516) Warning: The 'NO_COLOR' env is ignored due to the 'FORCE_COLOR' env being set.
(Use `node --trace-warnings ...` to show where the warning was created)
  ✓  122 [mobile] › tests/e2e/nav-motion.spec.ts:38:1 › frozen navigation and existing page geometry survive depth projection (1.5s)
  ✓  124 [mobile] › tests/e2e/nav-motion.spec.ts:53:1 › closed nav has its original keyboard order and unobscured focus rings (103ms)
  ✓  123 [mobile] › tests/e2e/process-motion.spec.ts:36:1 › same ordered list, four decoded equal photo frames, horizontal desktop and vertical mobile (747ms)
  ✓  125 [mobile] › tests/e2e/nav-motion.spec.ts:74:3 › open menu traps both Tab directions, closes with Escape and restores focus (motion) (767ms)
  ✓  126 [mobile] › tests/e2e/process-motion.spec.ts:52:1 › continuous scroll drives exact depth, opacity, number glow and line, reversible without a timer (1.6s)
  ✓  127 [mobile] › tests/e2e/nav-motion.spec.ts:112:3 › Lenis locks wheel, touch and keyboard without hiding body overflow (motion) (2.1s)
  ✓  128 [mobile] › tests/e2e/process-motion.spec.ts:72:1 › tall viewport settles on a stable middle blend and survives resize (1.3s)
  ✓  129 [mobile] › tests/e2e/nav-motion.spec.ts:74:3 › open menu traps both Tab directions, closes with Escape and restores focus (reduced) (782ms)
  ✓  130 [mobile] › tests/e2e/process-motion.spec.ts:84:1 › reduced motion and JavaScript failure keep every step fully visible and line drawn (1.0s)
  ✓  132 [mobile] › tests/e2e/public.spec.ts:3:1 › homepage keeps its hero content with a static truck image (105ms)
  ✓  133 [mobile] › tests/e2e/public.spec.ts:17:1 › quote form explains that enquiries do not confirm bookings (91ms)
  ✓  134 [mobile] › tests/e2e/public.spec.ts:23:1 › mobile navigation is keyboard and touch accessible (125ms)
  ✓  135 [mobile] › tests/e2e/public.spec.ts:30:1 › all public routes preserve direct navigation without duplicate renderers (328ms)
  ✓  136 [mobile] › tests/e2e/public.spec.ts:40:1 › history, resize and repeated route changes preserve one static hero visual (254ms)
  ✓  137 [mobile] › tests/e2e/public.spec.ts:58:1 › increased text size keeps key actions available (96ms)
  ✓  138 [mobile] › tests/e2e/public.spec.ts:65:1 › quote fields keep their values through resize and menu changes (123ms)
  ✓  139 [mobile] › tests/e2e/public.spec.ts:75:1 › tracking offers company contact without a lookup (90ms)
  ✓  131 [mobile] › tests/e2e/nav-motion.spec.ts:112:3 › Lenis locks wheel, touch and keyboard without hiding body overflow (reduced) (2.1s)
  ✓  140 [mobile] › tests/e2e/public.spec.ts:84:1 › all four shipping steps load on approach and keep equal photo frames (801ms)
  ✓  142 [mobile] › tests/e2e/quote-formsubmit.spec.ts:39:1 › Quote goes only to FormSubmit with every detail and validated Reply-To (188ms)
  ✓  141 [mobile] › tests/e2e/nav-motion.spec.ts:137:1 › scroll state changes only at the 80px boundary; hover uses transform and pseudo glow (1.8s)
  ✓  143 [mobile] › tests/e2e/quote-formsubmit.spec.ts:59:1 › invalid inputs and honeypot never reach a network request (1.2s)
  ✓  145 [mobile] › tests/e2e/quote-formsubmit.spec.ts:76:1 › empty optional fields omit Reply-To without dropping units or false (250ms)
  ✓  144 [mobile] › tests/e2e/nav-motion.spec.ts:168:1 › repeat, live reduced motion, resize and navigation release the lock (1.0s)
  ✓  147 [mobile] › tests/e2e/nav-motion.spec.ts:193:1 › short menus keep every keyboard focus ring inside the scrollable panel (573ms)
  ✓  146 [mobile] › tests/e2e/quote-formsubmit.spec.ts:88:3 › rejected: preserves values, releases loading and never retries automatically (2.2s)
  ✓  148 [mobile] › tests/e2e/quote-hit-testing.spec.ts:25:45 › Quote submit hit testing at 360px › clickable without validation errors (1.9s)
  ✓  149 [mobile] › tests/e2e/quote-formsubmit.spec.ts:88:3 › malformed: preserves values, releases loading and never retries automatically (783ms)
  ✓  150 [mobile] › tests/e2e/quote-hit-testing.spec.ts:25:45 › Quote submit hit testing at 360px › clickable after repeated validation errors (1.5s)
  ✓  151 [mobile] › tests/e2e/quote-formsubmit.spec.ts:88:3 › network: preserves values, releases loading and never retries automatically (2.1s)
  ✓  152 [mobile] › tests/e2e/quote-hit-testing.spec.ts:25:45 › Quote submit hit testing at 390px › clickable without validation errors (1.9s)
  ✓  153 [mobile] › tests/e2e/quote-formsubmit.spec.ts:88:3 › timeout: preserves values, releases loading and never retries automatically (2.1s)
  ✓  155 [mobile] › tests/e2e/quote-formsubmit.spec.ts:88:3 › contradictory: preserves values, releases loading and never retries automatically (724ms)
  ✓  154 [mobile] › tests/e2e/quote-hit-testing.spec.ts:25:45 › Quote submit hit testing at 390px › clickable after repeated validation errors (1.8s)
  ✓  156 [mobile] › tests/e2e/quote-formsubmit.spec.ts:113:1 › session attempt limit remains eight attempts per fifteen minutes (697ms)
  ✓  157 [mobile] › tests/e2e/quote-hit-testing.spec.ts:25:45 › Quote submit hit testing at 768px › clickable without validation errors (1.8s)
  ✘  158 [mobile] › tests/e2e/reference-designs.spec.ts:13:5 › domestic supplied design at 1440px (1.5s)
(node:30623) Warning: The 'NO_COLOR' env is ignored due to the 'FORCE_COLOR' env being set.
(Use `node --trace-warnings ...` to show where the warning was created)
  ✓  159 [mobile] › tests/e2e/quote-hit-testing.spec.ts:25:45 › Quote submit hit testing at 768px › clickable after repeated validation errors (1.7s)
  ✘  160 [mobile] › tests/e2e/reference-designs.spec.ts:13:5 › international supplied design at 1440px (1.5s)
(node:30636) Warning: The 'NO_COLOR' env is ignored due to the 'FORCE_COLOR' env being set.
(Use `node --trace-warnings ...` to show where the warning was created)
  ✓  161 [mobile] › tests/e2e/quote-hit-testing.spec.ts:25:45 › Quote submit hit testing at 1024px › clickable without validation errors (971ms)
  ✓  163 [mobile] › tests/e2e/quote-hit-testing.spec.ts:25:45 › Quote submit hit testing at 1024px › clickable after repeated validation errors (1.4s)
  ✓  162 [mobile] › tests/e2e/reference-designs.spec.ts:54:3 › Contact supplied design at 1440px (2.5s)
  ✓  164 [mobile] › tests/e2e/quote-hit-testing.spec.ts:25:45 › Quote submit hit testing at 1440px › clickable without validation errors (1.9s)
  ✘  165 [mobile] › tests/e2e/reference-designs.spec.ts:13:5 › domestic supplied design at 390px (1.7s)
(node:30659) Warning: The 'NO_COLOR' env is ignored due to the 'FORCE_COLOR' env being set.
(Use `node --trace-warnings ...` to show where the warning was created)
  ✓  166 [mobile] › tests/e2e/quote-hit-testing.spec.ts:25:45 › Quote submit hit testing at 1440px › clickable after repeated validation errors (1.4s)
  ✘  167 [mobile] › tests/e2e/reference-designs.spec.ts:13:5 › international supplied design at 390px (1.7s)
(node:30669) Warning: The 'NO_COLOR' env is ignored due to the 'FORCE_COLOR' env being set.
(Use `node --trace-warnings ...` to show where the warning was created)
  ✓  169 [mobile] › tests/e2e/reference-designs.spec.ts:54:3 › Contact supplied design at 390px (2.1s)
  ✘  170 [mobile] › tests/e2e/reference-designs.spec.ts:13:5 › domestic supplied design at 360px (1.7s)
(node:30688) Warning: The 'NO_COLOR' env is ignored due to the 'FORCE_COLOR' env being set.
(Use `node --trace-warnings ...` to show where the warning was created)
  ✘  171 [mobile] › tests/e2e/reference-designs.spec.ts:13:5 › international supplied design at 360px (1.7s)
(node:30697) Warning: The 'NO_COLOR' env is ignored due to the 'FORCE_COLOR' env being set.
(Use `node --trace-warnings ...` to show where the warning was created)
  ✓  172 [mobile] › tests/e2e/reference-designs.spec.ts:54:3 › Contact supplied design at 360px (2.1s)
  ✓  168 [mobile] › tests/e2e/service-tilt.spec.ts:14:53 › service tilt 768px › domestic: all three images spring within bounds and leave controls clickable (12.0s)
  ✓  173 [mobile] › tests/e2e/static-export.spec.ts:5:1 › exported URLs refresh, load assets and link only to public destinations (10.6s)
  ✓  175 [mobile] › tests/e2e/static-export.spec.ts:31:1 › retired routes and private paths are real 404s; Pages headers are preserved (228ms)
  ✓  176 [mobile] › tests/e2e/utility-motion.spec.ts:11:1 › native FAQ keyboard, answer hinge, rapid toggles and cleanup (1.1s)
  ✓  177 [mobile] › tests/e2e/utility-motion.spec.ts:37:49 › form depth, keyboard focus, values, notice and press /contact (1.1s)
  ✓  178 [mobile] › tests/e2e/utility-motion.spec.ts:37:49 › form depth, keyboard focus, values, notice and press /get-a-quote (1.3s)
  ✓  174 [mobile] › tests/e2e/service-tilt.spec.ts:14:53 › service tilt 768px › international: all three images spring within bounds and leave controls clickable (12.0s)
  ✓  179 [mobile] › tests/e2e/utility-motion.spec.ts:64:1 › footer depth and native keyboard links (524ms)
  ✓  181 [mobile] › tests/e2e/utility-motion.spec.ts:77:1 › reduced motion and no-JS preserve final readable content and native details (331ms)
  ✓  182 [mobile] › tests/e2e/visual.spec.ts:3:1 › capture the responsive editorial site with its static delivery visual (3.3s)
  -  183 [mobile] › tests/e2e/visual.spec.ts:49:1 › about what-we-do section matches the approved responsive structure
  ✓  180 [mobile] › tests/e2e/service-tilt.spec.ts:14:53 › service tilt 1024px › domestic: all three images spring within bounds and leave controls clickable (12.0s)
  ✓  184 [mobile] › tests/e2e/service-tilt.spec.ts:14:53 › service tilt 1024px › international: all three images spring within bounds and leave controls clickable (12.0s)
  ✓  185 [mobile] › tests/e2e/service-tilt.spec.ts:14:53 › service tilt 1440px › domestic: all three images spring within bounds and leave controls clickable (12.0s)
  ✓  186 [mobile] › tests/e2e/service-tilt.spec.ts:14:53 › service tilt 1440px › international: all three images spring within bounds and leave controls clickable (12.5s)
  ✓  187 [mobile] › tests/e2e/service-tilt.spec.ts:75:5 › tilt disabled {"width":360,"touch":false,"reduced":false} › all six service photos stay flat (2.6s)
  ✓  188 [mobile] › tests/e2e/service-tilt.spec.ts:75:5 › tilt disabled {"width":390,"touch":true,"reduced":false} › all six service photos stay flat (2.6s)
  ✓  189 [mobile] › tests/e2e/service-tilt.spec.ts:75:5 › tilt disabled {"width":1024,"touch":true,"reduced":false} › all six service photos stay flat (2.6s)
  ✓  190 [mobile] › tests/e2e/service-tilt.spec.ts:75:5 › tilt disabled {"width":1440,"touch":false,"reduced":true} › all six service photos stay flat (2.5s)


  1) [desktop] › tests/e2e/image-feedback.spec.ts:16:28 › edge-to-edge photos and bounded taps / ───

    Error: expect(received).toBeLessThanOrEqual(expected)

    Expected: <= 1
    Received:    1.3461740826138069

      59 |     await expect(layer(page)).toHaveCount(1);
      60 |     const feedback=await layer(page).evaluate(el=>({left:parseFloat((el as HTMLElement).style.left),top:parseFloat((el as HTMLElement).style.top),opacity:Number(getComputedStyle(el).opacity),position:getComputedStyle(el).position}));
    > 61 |     expect(Math.abs(feedback.left*scale.x-40)).toBeLessThanOrEqual(1); expect(Math.abs(feedback.top*scale.y-40)).toBeLessThanOrEqual(1);
         |                                                ^
      62 |     expect(feedback.opacity).toBeGreaterThan(.1);expect(feedback.position).toBe('absolute');
      63 |     expect(await frame.locator('img').evaluate(el=>el.getAnimations().length)).toBe(0);
      64 |     expect(await heading.boundingBox()).toEqual(headingBox);
        at /Users/pranshudhiman/Desktop/vk and company/tests/e2e/image-feedback.spec.ts:61:48

    Error Context: artifacts/submit-tilt-staging/full-results/image-feedback-edge-to-edge-photos-and-bounded-taps--desktop/error-context.md

  2) [desktop] › tests/e2e/image-feedback.spec.ts:16:28 › edge-to-edge photos and bounded taps /services/domestic 

    Error: expect(received).toBeLessThanOrEqual(expected)

    Expected: <= 1
    Received:    1.3458992971278363

      59 |     await expect(layer(page)).toHaveCount(1);
      60 |     const feedback=await layer(page).evaluate(el=>({left:parseFloat((el as HTMLElement).style.left),top:parseFloat((el as HTMLElement).style.top),opacity:Number(getComputedStyle(el).opacity),position:getComputedStyle(el).position}));
    > 61 |     expect(Math.abs(feedback.left*scale.x-40)).toBeLessThanOrEqual(1); expect(Math.abs(feedback.top*scale.y-40)).toBeLessThanOrEqual(1);
         |                                                ^
      62 |     expect(feedback.opacity).toBeGreaterThan(.1);expect(feedback.position).toBe('absolute');
      63 |     expect(await frame.locator('img').evaluate(el=>el.getAnimations().length)).toBe(0);
      64 |     expect(await heading.boundingBox()).toEqual(headingBox);
        at /Users/pranshudhiman/Desktop/vk and company/tests/e2e/image-feedback.spec.ts:61:48

    Error Context: artifacts/submit-tilt-staging/full-results/image-feedback-edge-to-edg-0e8f9-nded-taps-services-domestic-desktop/error-context.md

  3) [desktop] › tests/e2e/image-feedback.spec.ts:16:28 › edge-to-edge photos and bounded taps /services/international 

    Error: expect(received).toBeLessThanOrEqual(expected)

    Expected: <= 1
    Received:    1.3784099792678077

      59 |     await expect(layer(page)).toHaveCount(1);
      60 |     const feedback=await layer(page).evaluate(el=>({left:parseFloat((el as HTMLElement).style.left),top:parseFloat((el as HTMLElement).style.top),opacity:Number(getComputedStyle(el).opacity),position:getComputedStyle(el).position}));
    > 61 |     expect(Math.abs(feedback.left*scale.x-40)).toBeLessThanOrEqual(1); expect(Math.abs(feedback.top*scale.y-40)).toBeLessThanOrEqual(1);
         |                                                ^
      62 |     expect(feedback.opacity).toBeGreaterThan(.1);expect(feedback.position).toBe('absolute');
      63 |     expect(await frame.locator('img').evaluate(el=>el.getAnimations().length)).toBe(0);
      64 |     expect(await heading.boundingBox()).toEqual(headingBox);
        at /Users/pranshudhiman/Desktop/vk and company/tests/e2e/image-feedback.spec.ts:61:48

    Error Context: artifacts/submit-tilt-staging/full-results/image-feedback-edge-to-edg-897cf-taps-services-international-desktop/error-context.md

  4) [desktop] › tests/e2e/image-feedback.spec.ts:16:28 › edge-to-edge photos and bounded taps /about 

    Error: expect(received).toBeLessThanOrEqual(expected)

    Expected: <= 1
    Received:    1.3555024524676398

      59 |     await expect(layer(page)).toHaveCount(1);
      60 |     const feedback=await layer(page).evaluate(el=>({left:parseFloat((el as HTMLElement).style.left),top:parseFloat((el as HTMLElement).style.top),opacity:Number(getComputedStyle(el).opacity),position:getComputedStyle(el).position}));
    > 61 |     expect(Math.abs(feedback.left*scale.x-40)).toBeLessThanOrEqual(1); expect(Math.abs(feedback.top*scale.y-40)).toBeLessThanOrEqual(1);
         |                                                ^
      62 |     expect(feedback.opacity).toBeGreaterThan(.1);expect(feedback.position).toBe('absolute');
      63 |     expect(await frame.locator('img').evaluate(el=>el.getAnimations().length)).toBe(0);
      64 |     expect(await heading.boundingBox()).toEqual(headingBox);
        at /Users/pranshudhiman/Desktop/vk and company/tests/e2e/image-feedback.spec.ts:61:48

    Error Context: artifacts/submit-tilt-staging/full-results/image-feedback-edge-to-edge-photos-and-bounded-taps-about-desktop/error-context.md

  5) [desktop] › tests/e2e/image-feedback.spec.ts:16:28 › edge-to-edge photos and bounded taps /contact 

    Error: expect(received).toBeLessThanOrEqual(expected)

    Expected: <= 1
    Received:    1.220041122787606

      59 |     await expect(layer(page)).toHaveCount(1);
      60 |     const feedback=await layer(page).evaluate(el=>({left:parseFloat((el as HTMLElement).style.left),top:parseFloat((el as HTMLElement).style.top),opacity:Number(getComputedStyle(el).opacity),position:getComputedStyle(el).position}));
    > 61 |     expect(Math.abs(feedback.left*scale.x-40)).toBeLessThanOrEqual(1); expect(Math.abs(feedback.top*scale.y-40)).toBeLessThanOrEqual(1);
         |                                                ^
      62 |     expect(feedback.opacity).toBeGreaterThan(.1);expect(feedback.position).toBe('absolute');
      63 |     expect(await frame.locator('img').evaluate(el=>el.getAnimations().length)).toBe(0);
      64 |     expect(await heading.boundingBox()).toEqual(headingBox);
        at /Users/pranshudhiman/Desktop/vk and company/tests/e2e/image-feedback.spec.ts:61:48

    Error Context: artifacts/submit-tilt-staging/full-results/image-feedback-edge-to-edge-photos-and-bounded-taps-contact-desktop/error-context.md

  6) [desktop] › tests/e2e/reference-designs.spec.ts:13:5 › domestic supplied design at 1440px ─────

    Error: expect(received).toEqual(expected) // deep equality

    - Expected  - 2
    + Received  + 2

      Object {
    -   "height": 50.109375,
    +   "height": 49.58349609375,
        "width": 511.578125,
        "x": 798.421875,
    -   "y": 251.875,
    +   "y": 524.3651123046875,
      }

      37 |
      38 |         expect(await img.evaluate(el => getComputedStyle(el).transform)).toBe("none");
    > 39 |         expect(await row.locator("h3").boundingBox()).toEqual(text);
         |                                                       ^
      40 |         await page.screenshot({ path: info.outputPath(`row-${await row.locator("h3").textContent()}-active.png`) });
      41 |         await expect(frame.locator(".image-feedback-layer")).toHaveCount(0);
      42 |       }
        at /Users/pranshudhiman/Desktop/vk and company/tests/e2e/reference-designs.spec.ts:39:55

    Error Context: artifacts/submit-tilt-staging/full-results/reference-designs-domestic-supplied-design-at-1440px-desktop/error-context.md

  7) [desktop] › tests/e2e/reference-designs.spec.ts:13:5 › international supplied design at 1440px 

    Error: expect(received).toEqual(expected) // deep equality

    - Expected  - 2
    + Received  + 2

      Object {
    -   "height": 100.21875,
    +   "height": 98.68841552734375,
        "width": 511.578125,
        "x": 798.421875,
    -   "y": 251.875,
    +   "y": 286.8343505859375,
      }

      37 |
      38 |         expect(await img.evaluate(el => getComputedStyle(el).transform)).toBe("none");
    > 39 |         expect(await row.locator("h3").boundingBox()).toEqual(text);
         |                                                       ^
      40 |         await page.screenshot({ path: info.outputPath(`row-${await row.locator("h3").textContent()}-active.png`) });
      41 |         await expect(frame.locator(".image-feedback-layer")).toHaveCount(0);
      42 |       }
        at /Users/pranshudhiman/Desktop/vk and company/tests/e2e/reference-designs.spec.ts:39:55

    Error Context: artifacts/submit-tilt-staging/full-results/reference-designs-international-supplied-design-at-1440px-desktop/error-context.md

  8) [desktop] › tests/e2e/reference-designs.spec.ts:13:5 › domestic supplied design at 390px ──────

    Error: expect(received).toEqual(expected) // deep equality

    - Expected  - 2
    + Received  + 2

      Object {
    -   "height": 34.328125,
    +   "height": 33.96820068359375,
        "width": 358,
        "x": 16,
    -   "y": 564.296875,
    +   "y": 897.933837890625,
      }

      37 |
      38 |         expect(await img.evaluate(el => getComputedStyle(el).transform)).toBe("none");
    > 39 |         expect(await row.locator("h3").boundingBox()).toEqual(text);
         |                                                       ^
      40 |         await page.screenshot({ path: info.outputPath(`row-${await row.locator("h3").textContent()}-active.png`) });
      41 |         await expect(frame.locator(".image-feedback-layer")).toHaveCount(0);
      42 |       }
        at /Users/pranshudhiman/Desktop/vk and company/tests/e2e/reference-designs.spec.ts:39:55

    Error Context: artifacts/submit-tilt-staging/full-results/reference-designs-domestic-supplied-design-at-390px-desktop/error-context.md

  9) [desktop] › tests/e2e/reference-designs.spec.ts:13:5 › international supplied design at 390px ─

    Error: expect(received).toEqual(expected) // deep equality

    - Expected  - 2
    + Received  + 2

      Object {
    -   "height": 68.65625,
    +   "height": 67.60614013671875,
        "width": 358,
        "x": 16,
    -   "y": 563.6875,
    +   "y": 598.789306640625,
      }

      37 |
      38 |         expect(await img.evaluate(el => getComputedStyle(el).transform)).toBe("none");
    > 39 |         expect(await row.locator("h3").boundingBox()).toEqual(text);
         |                                                       ^
      40 |         await page.screenshot({ path: info.outputPath(`row-${await row.locator("h3").textContent()}-active.png`) });
      41 |         await expect(frame.locator(".image-feedback-layer")).toHaveCount(0);
      42 |       }
        at /Users/pranshudhiman/Desktop/vk and company/tests/e2e/reference-designs.spec.ts:39:55

    Error Context: artifacts/submit-tilt-staging/full-results/reference-designs-international-supplied-design-at-390px-desktop/error-context.md

  10) [desktop] › tests/e2e/reference-designs.spec.ts:13:5 › domestic supplied design at 360px ─────

    Error: expect(received).toEqual(expected) // deep equality

    - Expected  - 2
    + Received  + 2

      Object {
    -   "height": 68.65625,
    +   "height": 67.936279296875,
        "width": 328,
        "x": 16,
    -   "y": 554.703125,
    +   "y": 897.521484375,
      }

      37 |
      38 |         expect(await img.evaluate(el => getComputedStyle(el).transform)).toBe("none");
    > 39 |         expect(await row.locator("h3").boundingBox()).toEqual(text);
         |                                                       ^
      40 |         await page.screenshot({ path: info.outputPath(`row-${await row.locator("h3").textContent()}-active.png`) });
      41 |         await expect(frame.locator(".image-feedback-layer")).toHaveCount(0);
      42 |       }
        at /Users/pranshudhiman/Desktop/vk and company/tests/e2e/reference-designs.spec.ts:39:55

    Error Context: artifacts/submit-tilt-staging/full-results/reference-designs-domestic-supplied-design-at-360px-desktop/error-context.md

  11) [mobile] › tests/e2e/reference-designs.spec.ts:13:5 › domestic supplied design at 1440px ─────

    Error: expect(received).toEqual(expected) // deep equality

    - Expected  - 2
    + Received  + 2

      Object {
    -   "height": 50.109375,
    +   "height": 49.75341796875,
        "width": 511.578125,
        "x": 798.421875,
    -   "y": 251.875,
    +   "y": 519.1903076171875,
      }

      37 |         else expect(bounds.x + bounds.width).toBeLessThanOrEqual(text.x);
      38 |         if (isMobile) await frame.tap({ position: { x: 40, y: 40 } });
    > 39 |         else await frame.click({ position: { x: 40, y: 40 } });
         |                                                       ^
      40 |         await expect.poll(() => page.locator(".image-feedback-layer").count()).toBe(1);
      41 |
      42 |         expect(await img.evaluate(el => getComputedStyle(el).transform)).toBe("none");
        at /Users/pranshudhiman/Desktop/vk and company/tests/e2e/reference-designs.spec.ts:39:55

    Error Context: artifacts/submit-tilt-staging/full-results/reference-designs-domestic-supplied-design-at-1440px-mobile/error-context.md

  12) [mobile] › tests/e2e/reference-designs.spec.ts:13:5 › international supplied design at 1440px 

    Error: expect(received).toEqual(expected) // deep equality

    - Expected  - 2
    + Received  + 2

      Object {
    -   "height": 100.21875,
    +   "height": 99.507568359375,
        "width": 511.578125,
        "x": 798.421875,
    -   "y": 251.875,
    +   "y": 519.3573608398438,
      }

      37 |         else expect(bounds.x + bounds.width).toBeLessThanOrEqual(text.x);
      38 |         if (isMobile) await frame.tap({ position: { x: 40, y: 40 } });
    > 39 |         else await frame.click({ position: { x: 40, y: 40 } });
         |                                                       ^
      40 |         await expect.poll(() => page.locator(".image-feedback-layer").count()).toBe(1);
      41 |
      42 |         expect(await img.evaluate(el => getComputedStyle(el).transform)).toBe("none");
        at /Users/pranshudhiman/Desktop/vk and company/tests/e2e/reference-designs.spec.ts:39:55

    Error Context: artifacts/submit-tilt-staging/full-results/reference-designs-international-supplied-design-at-1440px-mobile/error-context.md

  13) [mobile] › tests/e2e/reference-designs.spec.ts:13:5 › domestic supplied design at 390px ──────

    Error: expect(received).toEqual(expected) // deep equality

    - Expected  - 2
    + Received  + 2

      Object {
    -   "height": 34.328125,
    +   "height": 34.0845947265625,
        "width": 358,
        "x": 16,
    -   "y": 563.546875,
    +   "y": 891.9580078125,
      }

      37 |         else expect(bounds.x + bounds.width).toBeLessThanOrEqual(text.x);
      38 |         if (isMobile) await frame.tap({ position: { x: 40, y: 40 } });
    > 39 |         else await frame.click({ position: { x: 40, y: 40 } });
         |                                                       ^
      40 |         await expect.poll(() => page.locator(".image-feedback-layer").count()).toBe(1);
      41 |
      42 |         expect(await img.evaluate(el => getComputedStyle(el).transform)).toBe("none");
        at /Users/pranshudhiman/Desktop/vk and company/tests/e2e/reference-designs.spec.ts:39:55

    Error Context: artifacts/submit-tilt-staging/full-results/reference-designs-domestic-supplied-design-at-390px-mobile/error-context.md

  14) [mobile] › tests/e2e/reference-designs.spec.ts:13:5 › international supplied design at 390px ─

    Error: expect(received).toEqual(expected) // deep equality

    - Expected  - 2
    + Received  + 2

      Object {
    -   "height": 67.1558837890625,
    +   "height": 67.9368896484375,
        "width": 358,
        "x": 16,
    -   "y": 606.8040771484375,
    +   "y": 593.2430419921875,
      }

      37 |         else expect(bounds.x + bounds.width).toBeLessThanOrEqual(text.x);
      38 |         if (isMobile) await frame.tap({ position: { x: 40, y: 40 } });
    > 39 |         else await frame.click({ position: { x: 40, y: 40 } });
         |                                                       ^
      40 |         await expect.poll(() => page.locator(".image-feedback-layer").count()).toBe(1);
      41 |
      42 |         expect(await img.evaluate(el => getComputedStyle(el).transform)).toBe("none");
        at /Users/pranshudhiman/Desktop/vk and company/tests/e2e/reference-designs.spec.ts:39:55

    Error Context: artifacts/submit-tilt-staging/full-results/reference-designs-international-supplied-design-at-390px-mobile/error-context.md

  15) [mobile] › tests/e2e/reference-designs.spec.ts:13:5 › domestic supplied design at 360px ──────

    Error: expect(received).toEqual(expected) // deep equality

    - Expected  - 2
    + Received  + 2

      Object {
    -   "height": 68.65625,
    +   "height": 68.1680908203125,
        "width": 328,
        "x": 16,
    -   "y": 553.921875,
    +   "y": 892.4806518554688,
      }

      37 |         else expect(bounds.x + bounds.width).toBeLessThanOrEqual(text.x);
      38 |         if (isMobile) await frame.tap({ position: { x: 40, y: 40 } });
    > 39 |         else await frame.click({ position: { x: 40, y: 40 } });
         |                                                       ^
      40 |         await expect.poll(() => page.locator(".image-feedback-layer").count()).toBe(1);
      41 |
      42 |         expect(await img.evaluate(el => getComputedStyle(el).transform)).toBe("none");
        at /Users/pranshudhiman/Desktop/vk and company/tests/e2e/reference-designs.spec.ts:39:55

    Error Context: artifacts/submit-tilt-staging/full-results/reference-designs-domestic-supplied-design-at-360px-mobile/error-context.md

  16) [mobile] › tests/e2e/reference-designs.spec.ts:13:5 › international supplied design at 360px ─

    Error: expect(received).toEqual(expected) // deep equality

    - Expected  - 2
    + Received  + 2

      Object {
    -   "height": 68.65625,
    +   "height": 68.168701171875,
        "width": 328,
        "x": 16,
    -   "y": 554.125,
    +   "y": 892.667724609375,
      }

      37 |         else expect(bounds.x + bounds.width).toBeLessThanOrEqual(text.x);
      38 |         if (isMobile) await frame.tap({ position: { x: 40, y: 40 } });
    > 39 |         else await frame.click({ position: { x: 40, y: 40 } });
         |                                                       ^
      40 |         await expect.poll(() => page.locator(".image-feedback-layer").count()).toBe(1);
      41 |
      42 |         expect(await img.evaluate(el => getComputedStyle(el).transform)).toBe("none");
        at /Users/pranshudhiman/Desktop/vk and company/tests/e2e/reference-designs.spec.ts:39:55

    Error Context: artifacts/submit-tilt-staging/full-results/reference-designs-international-supplied-design-at-360px-mobile/error-context.md

  16 failed
    [desktop] › tests/e2e/image-feedback.spec.ts:16:28 › edge-to-edge photos and bounded taps / ────
    [desktop] › tests/e2e/image-feedback.spec.ts:16:28 › edge-to-edge photos and bounded taps /services/domestic 
    [desktop] › tests/e2e/image-feedback.spec.ts:16:28 › edge-to-edge photos and bounded taps /services/international 
    [desktop] › tests/e2e/image-feedback.spec.ts:16:28 › edge-to-edge photos and bounded taps /about 
    [desktop] › tests/e2e/image-feedback.spec.ts:16:28 › edge-to-edge photos and bounded taps /contact 
    [desktop] › tests/e2e/reference-designs.spec.ts:13:5 › domestic supplied design at 1440px ──────
    [desktop] › tests/e2e/reference-designs.spec.ts:13:5 › international supplied design at 1440px ─
    [desktop] › tests/e2e/reference-designs.spec.ts:13:5 › domestic supplied design at 390px ───────
    [desktop] › tests/e2e/reference-designs.spec.ts:13:5 › international supplied design at 390px ──
    [desktop] › tests/e2e/reference-designs.spec.ts:13:5 › domestic supplied design at 360px ───────
    [mobile] › tests/e2e/reference-designs.spec.ts:13:5 › domestic supplied design at 1440px ───────
    [mobile] › tests/e2e/reference-designs.spec.ts:13:5 › international supplied design at 1440px ──
    [mobile] › tests/e2e/reference-designs.spec.ts:13:5 › domestic supplied design at 390px ────────
    [mobile] › tests/e2e/reference-designs.spec.ts:13:5 › international supplied design at 390px ───
    [mobile] › tests/e2e/reference-designs.spec.ts:13:5 › domestic supplied design at 360px ────────
    [mobile] › tests/e2e/reference-designs.spec.ts:13:5 › international supplied design at 360px ───
  2 skipped
  172 passed (3.9m)
