[WebServer] (node:30934) Warning: The 'NO_COLOR' env is ignored due to the 'FORCE_COLOR' env being set.
[WebServer] (Use `node --trace-warnings ...` to show where the warning was created)

Running 190 tests using 2 workers

(node:30936) Warning: The 'NO_COLOR' env is ignored due to the 'FORCE_COLOR' env being set.
(Use `node --trace-warnings ...` to show where the warning was created)
(node:30935) Warning: The 'NO_COLOR' env is ignored due to the 'FORCE_COLOR' env being set.
(Use `node --trace-warnings ...` to show where the warning was created)
  ✓    1 [desktop] › tests/e2e/contact-validation.spec.ts:27:1 › blank optional Phone with spaces reaches only the mocked FormSubmit endpoint (512ms)
  ✓    3 [desktop] › tests/e2e/contact-validation.spec.ts:38:1 › invalid Email gets its own error and focus without any submission request (148ms)
  ✓    4 [desktop] › tests/e2e/contact-validation.spec.ts:50:1 › Subject and Message minimum errors focus the first invalid field and retain text (1.0s)
  ✓    5 [desktop] › tests/e2e/contact-validation.spec.ts:65:1 › optional Email stays optional when Phone is valid (1.1s)
  ✓    6 [desktop] › tests/e2e/contact-validation.spec.ts:76:1 › failed provider request remains separate from field errors and preserves inputs (227ms)
  ✓    2 [desktop] › tests/e2e/editorial-motion.spec.ts:25:1 › original section geometry, image fitting and alternating desktop order remain (4.1s)
  ✓    8 [desktop] › tests/e2e/editorial-motion.spec.ts:53:1 › opposite-side text, per-line headings and grouped prose use the bounded timings (4.0s)
  ✓    7 [desktop] › tests/e2e/image-feedback.spec.ts:18:28 › edge-to-edge photos and bounded taps / (9.8s)
  ✓    9 [desktop] › tests/e2e/editorial-motion.spec.ts:84:1 › parallax reverses with scroll; hovering and tapping never rotate a photograph (8.1s)
  ✓   10 [desktop] › tests/e2e/image-feedback.spec.ts:18:28 › edge-to-edge photos and bounded taps /services/domestic (5.8s)
  ✓   11 [desktop] › tests/e2e/editorial-motion.spec.ts:112:1 › a paragraph in view before hydration stays immediately visible and never reveals (3.5s)
  ✓   13 [desktop] › tests/e2e/editorial-motion.spec.ts:133:1 › reduced motion, no JavaScript, resize and native text links remain usable (1.8s)
  ✓   14 [desktop] › tests/e2e/nav-motion.spec.ts:38:1 › frozen navigation and existing page geometry survive depth projection (1.5s)
  ✓   15 [desktop] › tests/e2e/nav-motion.spec.ts:53:1 › closed nav has its original keyboard order and unobscured focus rings (113ms)
  ✓   16 [desktop] › tests/e2e/nav-motion.spec.ts:74:3 › open menu traps both Tab directions, closes with Escape and restores focus (motion) (768ms)
  ✓   12 [desktop] › tests/e2e/image-feedback.spec.ts:18:28 › edge-to-edge photos and bounded taps /services/international (5.7s)
  ✓   17 [desktop] › tests/e2e/nav-motion.spec.ts:112:3 › Lenis locks wheel, touch and keyboard without hiding body overflow (motion) (2.1s)
  ✓   19 [desktop] › tests/e2e/nav-motion.spec.ts:74:3 › open menu traps both Tab directions, closes with Escape and restores focus (reduced) (831ms)
  ✓   20 [desktop] › tests/e2e/nav-motion.spec.ts:112:3 › Lenis locks wheel, touch and keyboard without hiding body overflow (reduced) (2.1s)
  ✓   18 [desktop] › tests/e2e/image-feedback.spec.ts:18:28 › edge-to-edge photos and bounded taps /about (6.2s)
  ✓   21 [desktop] › tests/e2e/nav-motion.spec.ts:137:1 › scroll state changes only at the 80px boundary; hover uses transform and pseudo glow (3.2s)
  ✓   22 [desktop] › tests/e2e/image-feedback.spec.ts:18:28 › edge-to-edge photos and bounded taps /contact (2.1s)
  ✓   24 [desktop] › tests/e2e/image-feedback.spec.ts:18:28 › edge-to-edge photos and bounded taps /get-a-quote (653ms)
  ✓   25 [desktop] › tests/e2e/image-feedback.spec.ts:18:28 › edge-to-edge photos and bounded taps /faq (95ms)
  ✓   26 [desktop] › tests/e2e/image-feedback.spec.ts:18:28 › edge-to-edge photos and bounded taps /privacy (89ms)
  ✓   27 [desktop] › tests/e2e/image-feedback.spec.ts:18:28 › edge-to-edge photos and bounded taps /terms (108ms)
  ✓   23 [desktop] › tests/e2e/nav-motion.spec.ts:168:1 › repeat, live reduced motion, resize and navigation release the lock (1.5s)
  ✓   28 [desktop] › tests/e2e/image-feedback.spec.ts:18:28 › edge-to-edge photos and bounded taps /track (103ms)
  ✓   29 [desktop] › tests/e2e/nav-motion.spec.ts:193:1 › short menus keep every keyboard focus ring inside the scrollable panel (604ms)
  ✓   31 [desktop] › tests/e2e/process-motion.spec.ts:36:1 › same ordered list, four decoded equal photo frames, horizontal desktop and vertical mobile (713ms)
  ✓   30 [desktop] › tests/e2e/image-feedback.spec.ts:88:1 › hover tilts only the coherent frame and settles on leave (2.0s)
  ✓   32 [desktop] › tests/e2e/process-motion.spec.ts:52:1 › continuous scroll drives exact depth, opacity, number glow and line, reversible without a timer (1.6s)
  ✓   34 [desktop] › tests/e2e/process-motion.spec.ts:72:1 › tall viewport settles on a stable middle blend and survives resize (1.3s)
  ✓   33 [desktop] › tests/e2e/image-feedback.spec.ts:103:1 › existing Quote WebGL scene stays idle through pointer-disabled taps and offscreen (2.8s)
  ✓   35 [desktop] › tests/e2e/process-motion.spec.ts:84:1 › reduced motion and JavaScript failure keep every step fully visible and line drawn (1.1s)
  ✓   37 [desktop] › tests/e2e/public.spec.ts:3:1 › homepage keeps its hero content with a static truck image (142ms)
  ✓   38 [desktop] › tests/e2e/public.spec.ts:17:1 › quote form explains that enquiries do not confirm bookings (101ms)
  ✓   36 [desktop] › tests/e2e/image-feedback.spec.ts:125:1 › reduced motion and lost WebGL leave stationary feedback and essential content (748ms)
  ✓   39 [desktop] › tests/e2e/public.spec.ts:23:1 › mobile navigation is keyboard and touch accessible (132ms)
  ✓   40 [desktop] › tests/e2e/image-feedback.spec.ts:142:1 › WebGL unavailable from startup and JavaScript disabled preserve the photograph/form (204ms)
  ✓   42 [desktop] › tests/e2e/image-feedback.spec.ts:152:1 › native keyboard links, forms and menus remain unaffected (404ms)
  ✓   41 [desktop] › tests/e2e/public.spec.ts:30:1 › all public routes preserve direct navigation without duplicate renderers (571ms)
  ✓   43 [desktop] › tests/e2e/image-feedback.spec.ts:166:1 › scroll, swipe, pinch, drag and selection do not create tap effects (378ms)
  ✓   44 [desktop] › tests/e2e/public.spec.ts:40:1 › history, resize and repeated route changes preserve one static hero visual (362ms)
  ✓   46 [desktop] › tests/e2e/public.spec.ts:58:1 › increased text size keeps key actions available (135ms)
  ✓   45 [desktop] › tests/e2e/quote-formsubmit.spec.ts:39:1 › Quote goes only to FormSubmit with every detail and validated Reply-To (286ms)
  ✓   47 [desktop] › tests/e2e/public.spec.ts:65:1 › quote fields keep their values through resize and menu changes (147ms)
  ✓   49 [desktop] › tests/e2e/public.spec.ts:75:1 › tracking offers company contact without a lookup (126ms)
  ✓   50 [desktop] › tests/e2e/public.spec.ts:84:1 › all four shipping steps load on approach and keep equal photo frames (868ms)
  ✓   48 [desktop] › tests/e2e/quote-formsubmit.spec.ts:59:1 › invalid inputs and honeypot never reach a network request (1.6s)
  ✓   51 [desktop] › tests/e2e/quote-hit-testing.spec.ts:25:45 › Quote submit hit testing at 360px › clickable without validation errors (1.8s)
  ✓   52 [desktop] › tests/e2e/quote-formsubmit.spec.ts:76:1 › empty optional fields omit Reply-To without dropping units or false (1.7s)
  ✓   53 [desktop] › tests/e2e/quote-hit-testing.spec.ts:25:45 › Quote submit hit testing at 360px › clickable after repeated validation errors (1.6s)
  ✓   54 [desktop] › tests/e2e/quote-formsubmit.spec.ts:88:3 › rejected: preserves values, releases loading and never retries automatically (2.2s)
  ✓   56 [desktop] › tests/e2e/quote-formsubmit.spec.ts:88:3 › malformed: preserves values, releases loading and never retries automatically (442ms)
  ✓   55 [desktop] › tests/e2e/quote-hit-testing.spec.ts:25:45 › Quote submit hit testing at 390px › clickable without validation errors (1.9s)
  ✓   57 [desktop] › tests/e2e/quote-formsubmit.spec.ts:88:3 › network: preserves values, releases loading and never retries automatically (1.9s)
  ✓   58 [desktop] › tests/e2e/quote-hit-testing.spec.ts:25:45 › Quote submit hit testing at 390px › clickable after repeated validation errors (1.8s)
  ✓   59 [desktop] › tests/e2e/quote-formsubmit.spec.ts:88:3 › timeout: preserves values, releases loading and never retries automatically (1.8s)
  ✓   61 [desktop] › tests/e2e/quote-formsubmit.spec.ts:88:3 › contradictory: preserves values, releases loading and never retries automatically (422ms)
  ✓   60 [desktop] › tests/e2e/quote-hit-testing.spec.ts:25:45 › Quote submit hit testing at 768px › clickable without validation errors (1.9s)
  ✓   63 [desktop] › tests/e2e/quote-hit-testing.spec.ts:25:45 › Quote submit hit testing at 768px › clickable after repeated validation errors (1.6s)
  ✓   62 [desktop] › tests/e2e/quote-formsubmit.spec.ts:113:1 › session attempt limit remains eight attempts per fifteen minutes (2.5s)
  ✓   64 [desktop] › tests/e2e/quote-hit-testing.spec.ts:25:45 › Quote submit hit testing at 1024px › clickable without validation errors (1.8s)
  ✓   66 [desktop] › tests/e2e/quote-hit-testing.spec.ts:25:45 › Quote submit hit testing at 1024px › clickable after repeated validation errors (1.4s)
  ✓   67 [desktop] › tests/e2e/quote-hit-testing.spec.ts:25:45 › Quote submit hit testing at 1440px › clickable without validation errors (994ms)
  ✓   65 [desktop] › tests/e2e/reference-designs.spec.ts:13:5 › domestic supplied design at 1440px (3.7s)
  ✓   68 [desktop] › tests/e2e/quote-hit-testing.spec.ts:25:45 › Quote submit hit testing at 1440px › clickable after repeated validation errors (1.4s)
  ✓   69 [desktop] › tests/e2e/reference-designs.spec.ts:13:5 › international supplied design at 1440px (3.7s)
  ✓   71 [desktop] › tests/e2e/reference-designs.spec.ts:58:3 › Contact supplied design at 1440px (1.6s)
  ✓   72 [desktop] › tests/e2e/reference-designs.spec.ts:13:5 › domestic supplied design at 390px (5.2s)
  ✓   70 [desktop] › tests/e2e/service-tilt.spec.ts:14:53 › service tilt 768px › domestic: all three images spring within bounds and leave controls clickable (12.0s)
  ✓   73 [desktop] › tests/e2e/reference-designs.spec.ts:13:5 › international supplied design at 390px (5.2s)
  ✓   75 [desktop] › tests/e2e/reference-designs.spec.ts:58:3 › Contact supplied design at 390px (1.5s)
  ✓   76 [desktop] › tests/e2e/reference-designs.spec.ts:13:5 › domestic supplied design at 360px (5.3s)
  ✓   74 [desktop] › tests/e2e/service-tilt.spec.ts:14:53 › service tilt 768px › international: all three images spring within bounds and leave controls clickable (12.0s)
  ✓   77 [desktop] › tests/e2e/reference-designs.spec.ts:13:5 › international supplied design at 360px (5.3s)
  ✓   79 [desktop] › tests/e2e/reference-designs.spec.ts:58:3 › Contact supplied design at 360px (1.5s)
  ✓   78 [desktop] › tests/e2e/service-tilt.spec.ts:14:53 › service tilt 1024px › domestic: all three images spring within bounds and leave controls clickable (12.5s)
  ✓   80 [desktop] › tests/e2e/static-export.spec.ts:5:1 › exported URLs refresh, load assets and link only to public destinations (9.2s)
  ✓   82 [desktop] › tests/e2e/static-export.spec.ts:31:1 › retired routes and private paths are real 404s; Pages headers are preserved (246ms)
  ✓   83 [desktop] › tests/e2e/utility-motion.spec.ts:11:1 › native FAQ keyboard, answer hinge, rapid toggles and cleanup (1.1s)
  ✓   84 [desktop] › tests/e2e/utility-motion.spec.ts:37:49 › form depth, keyboard focus, values, notice and press /contact (1.8s)
  ✓   85 [desktop] › tests/e2e/utility-motion.spec.ts:37:49 › form depth, keyboard focus, values, notice and press /get-a-quote (1.9s)
  ✓   86 [desktop] › tests/e2e/utility-motion.spec.ts:64:1 › footer depth and native keyboard links (522ms)
  ✓   87 [desktop] › tests/e2e/utility-motion.spec.ts:77:1 › reduced motion and no-JS preserve final readable content and native details (329ms)
  ✓   88 [desktop] › tests/e2e/visual.spec.ts:3:1 › capture the responsive editorial site with its static delivery visual (2.6s)
  ✓   89 [desktop] › tests/e2e/visual.spec.ts:49:1 › about what-we-do section matches the approved responsive structure (862ms)
(node:31288) Warning: The 'NO_COLOR' env is ignored due to the 'FORCE_COLOR' env being set.
(Use `node --trace-warnings ...` to show where the warning was created)
  ✓   90 [mobile] › tests/e2e/contact-validation.spec.ts:27:1 › blank optional Phone with spaces reaches only the mocked FormSubmit endpoint (181ms)
  ✓   91 [mobile] › tests/e2e/contact-validation.spec.ts:38:1 › invalid Email gets its own error and focus without any submission request (1.0s)
  ✓   81 [desktop] › tests/e2e/service-tilt.spec.ts:14:53 › service tilt 1024px › international: all three images spring within bounds and leave controls clickable (12.0s)
  ✓   92 [mobile] › tests/e2e/contact-validation.spec.ts:50:1 › Subject and Message minimum errors focus the first invalid field and retain text (1.1s)
  ✓   94 [mobile] › tests/e2e/contact-validation.spec.ts:65:1 › optional Email stays optional when Phone is valid (227ms)
  ✓   95 [mobile] › tests/e2e/contact-validation.spec.ts:76:1 › failed provider request remains separate from field errors and preserves inputs (226ms)
  ✓   96 [mobile] › tests/e2e/editorial-motion.spec.ts:25:1 › original section geometry, image fitting and alternating desktop order remain (4.0s)
  ✓   97 [mobile] › tests/e2e/editorial-motion.spec.ts:53:1 › opposite-side text, per-line headings and grouped prose use the bounded timings (3.9s)
  ✓   93 [desktop] › tests/e2e/service-tilt.spec.ts:14:53 › service tilt 1440px › domestic: all three images spring within bounds and leave controls clickable (12.0s)
  ✓   98 [mobile] › tests/e2e/editorial-motion.spec.ts:84:1 › parallax reverses with scroll; hovering and tapping never rotate a photograph (8.1s)
  ✓  100 [mobile] › tests/e2e/editorial-motion.spec.ts:112:1 › a paragraph in view before hydration stays immediately visible and never reveals (3.5s)
  ✓  101 [mobile] › tests/e2e/editorial-motion.spec.ts:133:1 › reduced motion, no JavaScript, resize and native text links remain usable (1.8s)
  ✓   99 [desktop] › tests/e2e/service-tilt.spec.ts:14:53 › service tilt 1440px › international: all three images spring within bounds and leave controls clickable (12.0s)
  ✓  103 [desktop] › tests/e2e/service-tilt.spec.ts:75:5 › tilt disabled {"width":360,"touch":false,"reduced":false} › all six service photos stay flat (2.6s)
  ✓  104 [desktop] › tests/e2e/service-tilt.spec.ts:75:5 › tilt disabled {"width":390,"touch":true,"reduced":false} › all six service photos stay flat (2.6s)
  ✓  105 [desktop] › tests/e2e/service-tilt.spec.ts:75:5 › tilt disabled {"width":1024,"touch":true,"reduced":false} › all six service photos stay flat (2.6s)
  ✓  102 [mobile] › tests/e2e/image-feedback.spec.ts:18:28 › edge-to-edge photos and bounded taps / (9.3s)
  ✓  106 [desktop] › tests/e2e/service-tilt.spec.ts:75:5 › tilt disabled {"width":1440,"touch":false,"reduced":true} › all six service photos stay flat (2.5s)
(node:31354) Warning: The 'NO_COLOR' env is ignored due to the 'FORCE_COLOR' env being set.
(Use `node --trace-warnings ...` to show where the warning was created)
  ✓  108 [mobile] › tests/e2e/nav-motion.spec.ts:38:1 › frozen navigation and existing page geometry survive depth projection (1.6s)
  ✓  109 [mobile] › tests/e2e/nav-motion.spec.ts:53:1 › closed nav has its original keyboard order and unobscured focus rings (137ms)
  ✓  110 [mobile] › tests/e2e/nav-motion.spec.ts:74:3 › open menu traps both Tab directions, closes with Escape and restores focus (motion) (840ms)
  ✓  107 [mobile] › tests/e2e/image-feedback.spec.ts:18:28 › edge-to-edge photos and bounded taps /services/domestic (6.2s)
  ✓  111 [mobile] › tests/e2e/nav-motion.spec.ts:112:3 › Lenis locks wheel, touch and keyboard without hiding body overflow (motion) (1.6s)
  ✓  113 [mobile] › tests/e2e/nav-motion.spec.ts:74:3 › open menu traps both Tab directions, closes with Escape and restores focus (reduced) (815ms)
  ✓  114 [mobile] › tests/e2e/nav-motion.spec.ts:112:3 › Lenis locks wheel, touch and keyboard without hiding body overflow (reduced) (2.1s)
  ✓  115 [mobile] › tests/e2e/nav-motion.spec.ts:137:1 › scroll state changes only at the 80px boundary; hover uses transform and pseudo glow (1.8s)
  ✓  112 [mobile] › tests/e2e/image-feedback.spec.ts:18:28 › edge-to-edge photos and bounded taps /services/international (6.2s)
  ✓  116 [mobile] › tests/e2e/nav-motion.spec.ts:168:1 › repeat, live reduced motion, resize and navigation release the lock (1.5s)
  ✓  118 [mobile] › tests/e2e/nav-motion.spec.ts:193:1 › short menus keep every keyboard focus ring inside the scrollable panel (571ms)
  ✓  119 [mobile] › tests/e2e/process-motion.spec.ts:36:1 › same ordered list, four decoded equal photo frames, horizontal desktop and vertical mobile (722ms)
  ✓  120 [mobile] › tests/e2e/process-motion.spec.ts:52:1 › continuous scroll drives exact depth, opacity, number glow and line, reversible without a timer (1.6s)
  ✓  121 [mobile] › tests/e2e/process-motion.spec.ts:72:1 › tall viewport settles on a stable middle blend and survives resize (1.3s)
  ✓  122 [mobile] › tests/e2e/process-motion.spec.ts:84:1 › reduced motion and JavaScript failure keep every step fully visible and line drawn (1.1s)
  ✓  123 [mobile] › tests/e2e/public.spec.ts:3:1 › homepage keeps its hero content with a static truck image (106ms)
  ✓  124 [mobile] › tests/e2e/public.spec.ts:17:1 › quote form explains that enquiries do not confirm bookings (89ms)
  ✓  125 [mobile] › tests/e2e/public.spec.ts:23:1 › mobile navigation is keyboard and touch accessible (121ms)
  ✓  126 [mobile] › tests/e2e/public.spec.ts:30:1 › all public routes preserve direct navigation without duplicate renderers (337ms)
  ✓  127 [mobile] › tests/e2e/public.spec.ts:40:1 › history, resize and repeated route changes preserve one static hero visual (255ms)
  ✓  128 [mobile] › tests/e2e/public.spec.ts:58:1 › increased text size keeps key actions available (96ms)
  ✓  129 [mobile] › tests/e2e/public.spec.ts:65:1 › quote fields keep their values through resize and menu changes (121ms)
  ✓  130 [mobile] › tests/e2e/public.spec.ts:75:1 › tracking offers company contact without a lookup (90ms)
  ✓  117 [mobile] › tests/e2e/image-feedback.spec.ts:18:28 › edge-to-edge photos and bounded taps /about (7.2s)
  ✓  131 [mobile] › tests/e2e/public.spec.ts:84:1 › all four shipping steps load on approach and keep equal photo frames (813ms)
  ✓  132 [mobile] › tests/e2e/image-feedback.spec.ts:18:28 › edge-to-edge photos and bounded taps /contact (1.4s)
  ✓  134 [mobile] › tests/e2e/image-feedback.spec.ts:18:28 › edge-to-edge photos and bounded taps /get-a-quote (662ms)
  ✓  135 [mobile] › tests/e2e/image-feedback.spec.ts:18:28 › edge-to-edge photos and bounded taps /faq (84ms)
  ✓  136 [mobile] › tests/e2e/image-feedback.spec.ts:18:28 › edge-to-edge photos and bounded taps /privacy (83ms)
  ✓  137 [mobile] › tests/e2e/image-feedback.spec.ts:18:28 › edge-to-edge photos and bounded taps /terms (83ms)
  ✓  138 [mobile] › tests/e2e/image-feedback.spec.ts:18:28 › edge-to-edge photos and bounded taps /track (85ms)
  -  139 [mobile] › tests/e2e/image-feedback.spec.ts:88:1 › hover tilts only the coherent frame and settles on leave
  ✓  133 [mobile] › tests/e2e/quote-formsubmit.spec.ts:39:1 › Quote goes only to FormSubmit with every detail and validated Reply-To (1.7s)
  ✓  141 [mobile] › tests/e2e/quote-formsubmit.spec.ts:59:1 › invalid inputs and honeypot never reach a network request (616ms)
  ✓  142 [mobile] › tests/e2e/quote-formsubmit.spec.ts:76:1 › empty optional fields omit Reply-To without dropping units or false (1.6s)
  ✓  140 [mobile] › tests/e2e/image-feedback.spec.ts:103:1 › existing Quote WebGL scene stays idle through pointer-disabled taps and offscreen (3.0s)
  ✓  144 [mobile] › tests/e2e/image-feedback.spec.ts:125:1 › reduced motion and lost WebGL leave stationary feedback and essential content (677ms)
  ✓  145 [mobile] › tests/e2e/image-feedback.spec.ts:142:1 › WebGL unavailable from startup and JavaScript disabled preserve the photograph/form (151ms)
  ✓  146 [mobile] › tests/e2e/image-feedback.spec.ts:152:1 › native keyboard links, forms and menus remain unaffected (315ms)
  ✓  143 [mobile] › tests/e2e/quote-formsubmit.spec.ts:88:3 › rejected: preserves values, releases loading and never retries automatically (2.2s)
  ✓  147 [mobile] › tests/e2e/image-feedback.spec.ts:166:1 › scroll, swipe, pinch, drag and selection do not create tap effects (529ms)
  ✓  149 [mobile] › tests/e2e/quote-hit-testing.spec.ts:25:45 › Quote submit hit testing at 360px › clickable without validation errors (1.8s)
  ✓  148 [mobile] › tests/e2e/quote-formsubmit.spec.ts:88:3 › malformed: preserves values, releases loading and never retries automatically (2.2s)
  ✓  150 [mobile] › tests/e2e/quote-hit-testing.spec.ts:25:45 › Quote submit hit testing at 360px › clickable after repeated validation errors (1.5s)
  ✓  151 [mobile] › tests/e2e/quote-formsubmit.spec.ts:88:3 › network: preserves values, releases loading and never retries automatically (2.2s)
  ✓  152 [mobile] › tests/e2e/quote-hit-testing.spec.ts:25:45 › Quote submit hit testing at 390px › clickable without validation errors (1.9s)
  ✓  153 [mobile] › tests/e2e/quote-formsubmit.spec.ts:88:3 › timeout: preserves values, releases loading and never retries automatically (2.1s)
  ✓  154 [mobile] › tests/e2e/quote-hit-testing.spec.ts:25:45 › Quote submit hit testing at 390px › clickable after repeated validation errors (1.8s)
  ✓  155 [mobile] › tests/e2e/quote-formsubmit.spec.ts:88:3 › contradictory: preserves values, releases loading and never retries automatically (2.1s)
  ✓  156 [mobile] › tests/e2e/quote-hit-testing.spec.ts:25:45 › Quote submit hit testing at 768px › clickable without validation errors (1.9s)
  ✓  157 [mobile] › tests/e2e/quote-formsubmit.spec.ts:113:1 › session attempt limit remains eight attempts per fifteen minutes (1.0s)
  ✓  158 [mobile] › tests/e2e/quote-hit-testing.spec.ts:25:45 › Quote submit hit testing at 768px › clickable after repeated validation errors (1.6s)
  ✓  160 [mobile] › tests/e2e/quote-hit-testing.spec.ts:25:45 › Quote submit hit testing at 1024px › clickable without validation errors (1.8s)
  ✓  161 [mobile] › tests/e2e/quote-hit-testing.spec.ts:25:45 › Quote submit hit testing at 1024px › clickable after repeated validation errors (1.4s)
  ✓  159 [mobile] › tests/e2e/reference-designs.spec.ts:13:5 › domestic supplied design at 1440px (4.4s)
  ✓  162 [mobile] › tests/e2e/quote-hit-testing.spec.ts:25:45 › Quote submit hit testing at 1440px › clickable without validation errors (1.8s)
  ✓  164 [mobile] › tests/e2e/quote-hit-testing.spec.ts:25:45 › Quote submit hit testing at 1440px › clickable after repeated validation errors (1.3s)
  ✓  163 [mobile] › tests/e2e/reference-designs.spec.ts:13:5 › international supplied design at 1440px (4.4s)
  ✓  166 [mobile] › tests/e2e/reference-designs.spec.ts:58:3 › Contact supplied design at 1440px (2.4s)
  ✓  167 [mobile] › tests/e2e/reference-designs.spec.ts:13:5 › domestic supplied design at 390px (6.3s)
  ✓  165 [mobile] › tests/e2e/service-tilt.spec.ts:14:53 › service tilt 768px › domestic: all three images spring within bounds and leave controls clickable (11.9s)
  ✓  168 [mobile] › tests/e2e/reference-designs.spec.ts:13:5 › international supplied design at 390px (6.3s)
  ✓  170 [mobile] › tests/e2e/reference-designs.spec.ts:58:3 › Contact supplied design at 390px (2.1s)
  ✓  169 [mobile] › tests/e2e/service-tilt.spec.ts:14:53 › service tilt 768px › international: all three images spring within bounds and leave controls clickable (12.4s)
  ✓  171 [mobile] › tests/e2e/reference-designs.spec.ts:13:5 › domestic supplied design at 360px (6.2s)
  ✓  173 [mobile] › tests/e2e/reference-designs.spec.ts:13:5 › international supplied design at 360px (6.1s)
  ✓  174 [mobile] › tests/e2e/reference-designs.spec.ts:58:3 › Contact supplied design at 360px (2.0s)
  ✓  172 [mobile] › tests/e2e/service-tilt.spec.ts:14:53 › service tilt 1024px › domestic: all three images spring within bounds and leave controls clickable (12.5s)
  ✓  175 [mobile] › tests/e2e/static-export.spec.ts:5:1 › exported URLs refresh, load assets and link only to public destinations (11.0s)
  ✓  177 [mobile] › tests/e2e/static-export.spec.ts:31:1 › retired routes and private paths are real 404s; Pages headers are preserved (246ms)
  ✓  178 [mobile] › tests/e2e/utility-motion.spec.ts:11:1 › native FAQ keyboard, answer hinge, rapid toggles and cleanup (1.2s)
  ✓  179 [mobile] › tests/e2e/utility-motion.spec.ts:37:49 › form depth, keyboard focus, values, notice and press /contact (1.1s)
  ✓  180 [mobile] › tests/e2e/utility-motion.spec.ts:37:49 › form depth, keyboard focus, values, notice and press /get-a-quote (1.3s)
  ✓  181 [mobile] › tests/e2e/utility-motion.spec.ts:64:1 › footer depth and native keyboard links (527ms)
  ✓  182 [mobile] › tests/e2e/utility-motion.spec.ts:77:1 › reduced motion and no-JS preserve final readable content and native details (337ms)
  ✓  176 [mobile] › tests/e2e/service-tilt.spec.ts:14:53 › service tilt 1024px › international: all three images spring within bounds and leave controls clickable (12.1s)
  ✓  183 [mobile] › tests/e2e/visual.spec.ts:3:1 › capture the responsive editorial site with its static delivery visual (3.2s)
  -  185 [mobile] › tests/e2e/visual.spec.ts:49:1 › about what-we-do section matches the approved responsive structure
  ✓  184 [mobile] › tests/e2e/service-tilt.spec.ts:14:53 › service tilt 1440px › domestic: all three images spring within bounds and leave controls clickable (12.0s)
  ✓  186 [mobile] › tests/e2e/service-tilt.spec.ts:14:53 › service tilt 1440px › international: all three images spring within bounds and leave controls clickable (12.0s)
  ✓  187 [mobile] › tests/e2e/service-tilt.spec.ts:75:5 › tilt disabled {"width":360,"touch":false,"reduced":false} › all six service photos stay flat (2.6s)
  ✓  188 [mobile] › tests/e2e/service-tilt.spec.ts:75:5 › tilt disabled {"width":390,"touch":true,"reduced":false} › all six service photos stay flat (2.6s)
  ✓  189 [mobile] › tests/e2e/service-tilt.spec.ts:75:5 › tilt disabled {"width":1024,"touch":true,"reduced":false} › all six service photos stay flat (2.6s)
  ✓  190 [mobile] › tests/e2e/service-tilt.spec.ts:75:5 › tilt disabled {"width":1440,"touch":false,"reduced":true} › all six service photos stay flat (2.5s)

  2 skipped
  188 passed (4.4m)
