
> vk-and-company@1.0.0 build
> next build --webpack

▲ Next.js 16.3.4 (webpack)
⚠ Warning: Next.js inferred your workspace root, but it may not be correct.
 We detected multiple lockfiles and selected the directory of /Users/pranshudhiman/Desktop/vk and company/package-lock.json as the root directory.
 To silence this warning, set `outputFileTracingRoot` in your Next.js config, or consider removing one of the lockfiles if it's not needed.
   See https://nextjs.org/docs/app/api-reference/config/next-config-js/output#caveats for more information.
 Detected additional lockfiles: 
   * /Users/pranshudhiman/Desktop/vk and company/artifacts/motion-stage-9/baseline-build/package-lock.json

✓ Running next.config.ts took 10ms

  Creating an optimized production build ...
✓ Compiled successfully in 3.4s
  Running TypeScript ...
  Finished TypeScript in 1638ms ...
  Collecting page data using 9 workers ...
  Generating static pages using 9 workers (0/14) ...
  Generating static pages using 9 workers (3/14) 
  Generating static pages using 9 workers (6/14) 
  Generating static pages using 9 workers (10/14) 
✓ Generating static pages using 9 workers (14/14) in 281ms
  Finalizing page optimization ...
  Collecting build traces ...

Route (app)
┌ ○ /
├ ○ /_not-found
├ ○ /about
├ ○ /contact
├ ○ /faq
├ ○ /get-a-quote
├ ○ /privacy
├ ○ /robots.txt
├ ○ /services/domestic
├ ○ /services/international
├ ○ /sitemap.xml
├ ○ /terms
└ ○ /track


○  (Static)  prerendered as static content

