1440 / p95 16.799999999999727 >50ms 0 long tasks 0
1440 /services/domestic p95 16.700000000000273 >50ms 0 long tasks 0
1440 /services/international p95 16.799999999999727 >50ms 0 long tasks 0
1440 /about p95 16.700000000000273 >50ms 0 long tasks 0
1440 /contact p95 16.799999999999955 >50ms 0 long tasks 0
1440 /get-a-quote p95 16.799999999999727 >50ms 0 long tasks 0
1440 /faq p95 16.700000000000273 >50ms 0 long tasks 0
1440 /track p95 16.700000000000273 >50ms 0 long tasks 0
1440 /privacy p95 16.700000000000273 >50ms 0 long tasks 0
1440 /terms p95 16.700000000000273 >50ms 0 long tasks 0
1440 /404.html p95 16.700000000000045 >50ms 0 long tasks 0
390 / p95 16.700000000000728 >50ms 0 long tasks 0
390 /services/domestic p95 16.700000000000273 >50ms 0 long tasks 0
390 /services/international p95 16.799999999999727 >50ms 0 long tasks 0
390 /about p95 16.799999999999727 >50ms 0 long tasks 0
390 /contact p95 16.700000000000273 >50ms 0 long tasks 0
390 /get-a-quote p95 16.799999999999727 >50ms 0 long tasks 0
390 /faq p95 16.799999999999727 >50ms 0 long tasks 0
390 /track p95 16.799999999999955 >50ms 0 long tasks 0
390 /privacy p95 16.800000000000068 >50ms 0 long tasks 0
390 /terms p95 16.799999999999955 >50ms 0 long tasks 0
390 /404.html p95 16.799999999999955 >50ms 0 long tasks 0
