
> vk-and-company@1.0.0 build
> next build --webpack

▲ Next.js 16.3.4 (webpack)
✓ Running next.config.ts took 11ms

  Creating an optimized production build ...
✓ Compiled successfully in 2.8s
  Running TypeScript ...
  Finished TypeScript in 1848ms ...
  Collecting page data using 9 workers ...
  Generating static pages using 9 workers (0/15) ...
  Generating static pages using 9 workers (3/15) 
  Generating static pages using 9 workers (7/15) 
  Generating static pages using 9 workers (11/15) 
✓ Generating static pages using 9 workers (15/15) in 191ms
  Finalizing page optimization ...
  Collecting build traces ...

Route (app)
┌ ○ /
├ ○ /_not-found
├ ○ /about
├ ○ /contact
├ ○ /faq
├ ○ /get-a-quote
├ ○ /motion-foundation-demo
├ ○ /privacy
├ ○ /robots.txt
├ ○ /services/domestic
├ ○ /services/international
├ ○ /sitemap.xml
├ ○ /terms
└ ○ /track


○  (Static)  prerendered as static content

