node:internal/modules/run_main:107
    triggerUncaughtException(
    ^

locator.click: Timeout 30000ms exceeded.
Call log:
[2m  - waiting for getByRole('button', { name: 'Send quote request', exact: true })[22m
[2m    - locator resolved to <button type="submit" class="button">…</button>[22m
[2m  - attempting click action[22m
[2m    - waiting for element to be visible, enabled and stable[22m
[2m    - element is visible, enabled and stable[22m
[2m    - scrolling into view if needed[22m
[2m    - done scrolling[22m
[2m    - <form novalidate="" class="form-panel">…</form> intercepts pointer events[22m
[2m  - retrying click action[22m
[2m    - waiting for element to be visible, enabled and stable[22m
[2m    - element is not stable[22m
[2m  - retrying click action[22m
[2m    - waiting 20ms[22m
[2m    - waiting for element to be visible, enabled and stable[22m
[2m    - element is not stable[22m
[2m  - retrying click action[22m
[2m    - waiting 100ms[22m
[2m    - waiting for element to be visible, enabled and stable[22m
[2m    - element is visible, enabled and stable[22m
[2m    - scrolling into view if needed[22m
[2m    - done scrolling[22m
[2m    - <form novalidate="" class="form-panel">…</form> intercepts pointer events[22m
[2m  - retrying click action[22m
[2m    - waiting 100ms[22m
[2m    - waiting for element to be visible, enabled and stable[22m
[2m    - element is not stable[22m
[2m  55 × retrying click action[22m
[2m       - waiting 500ms[22m
[2m       - waiting for element to be visible, enabled and stable[22m
[2m       - element is visible, enabled and stable[22m
[2m       - scrolling into view if needed[22m
[2m       - done scrolling[22m
[2m       - <form novalidate="" class="form-panel">…</form> intercepts pointer events[22m
[2m  - retrying click action[22m
[2m    - waiting 500ms[22m

    at /Users/pranshudhiman/Desktop/vk and company/artifacts/motion-stage-9/diagnose-form-hit.mjs:5:285 {
  log: [
    "  - waiting for getByRole('button', { name: 'Send quote request', exact: true })",
    '    - locator resolved to <button type="submit" class="button">…</button>',
    '  - attempting click action',
    '    - waiting for element to be visible, enabled and stable',
    '    - element is visible, enabled and stable',
    '    - scrolling into view if needed',
    '    - done scrolling',
    '    - <form novalidate="" class="form-panel">…</form> intercepts pointer events',
    '  - retrying click action',
    '    - waiting for element to be visible, enabled and stable',
    '    - element is not stable',
    '  - retrying click action',
    '    - waiting 20ms',
    '    - waiting for element to be visible, enabled and stable',
    '    - element is not stable',
    '  - retrying click action',
    '    - waiting 100ms',
    '    - waiting for element to be visible, enabled and stable',
    '    - element is visible, enabled and stable',
    '    - scrolling into view if needed',
    '    - done scrolling',
    '    - <form novalidate="" class="form-panel">…</form> intercepts pointer events',
    '  - retrying click action',
    '    - waiting 100ms',
    '    - waiting for element to be visible, enabled and stable',
    '    - element is not stable',
    '  55 × retrying click action',
    '       - waiting 500ms',
    '       - waiting for element to be visible, enabled and stable',
    '       - element is visible, enabled and stable',
    '       - scrolling into view if needed',
    '       - done scrolling',
    '       - <form novalidate="" class="form-panel">…</form> intercepts pointer events',
    '  - retrying click action',
    '    - waiting 500ms'
  ],
  name: 'TimeoutError'
}

Node.js v24.13.0
