
Running 124 tests using 2 workers

(node:26087) Warning: The 'NO_COLOR' env is ignored due to the 'FORCE_COLOR' env being set.
(Use `node --trace-warnings ...` to show where the warning was created)
(node:26086) Warning: The 'NO_COLOR' env is ignored due to the 'FORCE_COLOR' env being set.
(Use `node --trace-warnings ...` to show where the warning was created)
  ✓    1 [width-1440] › artifacts/motion-stage-9/regression/nav-motion.spec.ts:51:1 › closed nav has its original keyboard order and unobscured focus rings (211ms)
  ✓    2 [width-1440] › artifacts/motion-stage-9/regression/contact-validation.spec.ts:27:1 › blank optional Phone with spaces reaches only the mocked FormSubmit endpoint (485ms)
  ✓    4 [width-1440] › artifacts/motion-stage-9/regression/contact-validation.spec.ts:38:1 › invalid Email gets its own error and focus without any submission request (381ms)
  ✓    3 [width-1440] › artifacts/motion-stage-9/regression/nav-motion.spec.ts:72:3 › open menu traps both Tab directions, closes with Escape and restores focus (motion) (867ms)
  ✓    5 [width-1440] › artifacts/motion-stage-9/regression/contact-validation.spec.ts:50:1 › Subject and Message minimum errors focus the first invalid field and retain text (379ms)
  ✓    7 [width-1440] › artifacts/motion-stage-9/regression/contact-validation.spec.ts:65:1 › optional Email stays optional when Phone is valid (462ms)
  ✓    8 [width-1440] › artifacts/motion-stage-9/regression/contact-validation.spec.ts:76:1 › failed provider request remains separate from field errors and preserves inputs (230ms)
  ✓    9 [width-1440] › artifacts/motion-stage-9/regression/process-motion.spec.ts:31:1 › same ordered list, four decoded equal photo frames, horizontal desktop and vertical mobile (585ms)
  ✓    6 [width-1440] › artifacts/motion-stage-9/regression/nav-motion.spec.ts:110:3 › Lenis locks wheel, touch and keyboard without hiding body overflow (motion) (2.1s)
  ✓   10 [width-1440] › artifacts/motion-stage-9/regression/process-motion.spec.ts:47:1 › continuous scroll drives exact depth, opacity, number glow and line, reversible without a timer (1.3s)
  ✓   11 [width-1440] › artifacts/motion-stage-9/regression/nav-motion.spec.ts:72:3 › open menu traps both Tab directions, closes with Escape and restores focus (reduced) (793ms)
  ✓   12 [width-1440] › artifacts/motion-stage-9/regression/process-motion.spec.ts:67:1 › tall viewport settles on a stable middle blend and survives resize (1.1s)
  ✓   14 [width-1440] › artifacts/motion-stage-9/regression/process-motion.spec.ts:79:1 › reduced motion and JavaScript failure keep every step fully visible and line drawn (1.0s)
  ✓   13 [width-1440] › artifacts/motion-stage-9/regression/nav-motion.spec.ts:110:3 › Lenis locks wheel, touch and keyboard without hiding body overflow (reduced) (2.1s)
  ✓   15 [width-1440] › artifacts/motion-stage-9/regression/quote-formsubmit.spec.ts:39:1 › Quote goes only to FormSubmit with every detail and validated Reply-To (1.6s)
  ✓   17 [width-1440] › artifacts/motion-stage-9/regression/quote-formsubmit.spec.ts:59:1 › invalid inputs and honeypot never reach a network request (589ms)
  ✓   16 [width-1440] › artifacts/motion-stage-9/regression/nav-motion.spec.ts:135:1 › scroll state changes only at the 80px boundary; hover uses transform and pseudo glow (3.2s)
  ✓   18 [width-1440] › artifacts/motion-stage-9/regression/quote-formsubmit.spec.ts:76:1 › empty optional fields omit Reply-To without dropping units or false (1.7s)
  ✓   19 [width-1440] › artifacts/motion-stage-9/regression/nav-motion.spec.ts:166:1 › repeat, live reduced motion, resize and navigation release the lock (1.5s)
  ✓   21 [width-1440] › artifacts/motion-stage-9/regression/nav-motion.spec.ts:191:1 › short menus keep every keyboard focus ring inside the scrollable panel (562ms)
  ✓   20 [width-1440] › artifacts/motion-stage-9/regression/quote-formsubmit.spec.ts:88:3 › rejected: preserves values, releases loading and never retries automatically (2.3s)
  ✓   22 [width-1440] › artifacts/motion-stage-9/regression/utility-motion.spec.ts:11:1 › native FAQ keyboard, answer hinge, rapid toggles and cleanup (1.1s)
  ✓   24 [width-1440] › artifacts/motion-stage-9/regression/utility-motion.spec.ts:37:49 › form depth, keyboard focus, values, notice and press /contact (1.8s)
  ✓   23 [width-1440] › artifacts/motion-stage-9/regression/quote-formsubmit.spec.ts:88:3 › malformed: preserves values, releases loading and never retries automatically (2.3s)
  ✓   25 [width-1440] › artifacts/motion-stage-9/regression/utility-motion.spec.ts:37:49 › form depth, keyboard focus, values, notice and press /get-a-quote (1.9s)
  ✓   27 [width-1440] › artifacts/motion-stage-9/regression/utility-motion.spec.ts:64:1 › footer depth and native keyboard links (576ms)
  ✓   26 [width-1440] › artifacts/motion-stage-9/regression/quote-formsubmit.spec.ts:88:3 › network: preserves values, releases loading and never retries automatically (2.4s)
  ✓   28 [width-1440] › artifacts/motion-stage-9/regression/utility-motion.spec.ts:77:1 › reduced motion and no-JS preserve final readable content and native details (370ms)
(node:26179) Warning: The 'NO_COLOR' env is ignored due to the 'FORCE_COLOR' env being set.
(Use `node --trace-warnings ...` to show where the warning was created)
  ✓   30 [width-768] › artifacts/motion-stage-9/regression/contact-validation.spec.ts:27:1 › blank optional Phone with spaces reaches only the mocked FormSubmit endpoint (1.1s)
  ✓   29 [width-1440] › artifacts/motion-stage-9/regression/quote-formsubmit.spec.ts:88:3 › timeout: preserves values, releases loading and never retries automatically (2.2s)
  ✓   31 [width-768] › artifacts/motion-stage-9/regression/contact-validation.spec.ts:38:1 › invalid Email gets its own error and focus without any submission request (1.1s)
  ✓   33 [width-768] › artifacts/motion-stage-9/regression/contact-validation.spec.ts:50:1 › Subject and Message minimum errors focus the first invalid field and retain text (1.0s)
  ✓   32 [width-1440] › artifacts/motion-stage-9/regression/quote-formsubmit.spec.ts:88:3 › contradictory: preserves values, releases loading and never retries automatically (2.2s)
  ✓   34 [width-768] › artifacts/motion-stage-9/regression/contact-validation.spec.ts:65:1 › optional Email stays optional when Phone is valid (1.1s)
  ✓   35 [width-1440] › artifacts/motion-stage-9/regression/quote-formsubmit.spec.ts:113:1 › session attempt limit remains eight attempts per fifteen minutes (1.0s)
(node:26204) Warning: The 'NO_COLOR' env is ignored due to the 'FORCE_COLOR' env being set.
(Use `node --trace-warnings ...` to show where the warning was created)
  ✓   37 [width-768] › artifacts/motion-stage-9/regression/nav-motion.spec.ts:51:1 › closed nav has its original keyboard order and unobscured focus rings (139ms)
  ✓   36 [width-768] › artifacts/motion-stage-9/regression/contact-validation.spec.ts:76:1 › failed provider request remains separate from field errors and preserves inputs (1.1s)
  ✓   39 [width-768] › artifacts/motion-stage-9/regression/process-motion.spec.ts:31:1 › same ordered list, four decoded equal photo frames, horizontal desktop and vertical mobile (569ms)
  ✓   38 [width-768] › artifacts/motion-stage-9/regression/nav-motion.spec.ts:72:3 › open menu traps both Tab directions, closes with Escape and restores focus (motion) (1.0s)
  ✓   40 [width-768] › artifacts/motion-stage-9/regression/process-motion.spec.ts:47:1 › continuous scroll drives exact depth, opacity, number glow and line, reversible without a timer (1.4s)
  ✓   42 [width-768] › artifacts/motion-stage-9/regression/process-motion.spec.ts:67:1 › tall viewport settles on a stable middle blend and survives resize (1.0s)
  ✓   41 [width-768] › artifacts/motion-stage-9/regression/nav-motion.spec.ts:110:3 › Lenis locks wheel, touch and keyboard without hiding body overflow (motion) (2.1s)
  ✓   43 [width-768] › artifacts/motion-stage-9/regression/process-motion.spec.ts:79:1 › reduced motion and JavaScript failure keep every step fully visible and line drawn (955ms)
  ✓   44 [width-768] › artifacts/motion-stage-9/regression/nav-motion.spec.ts:72:3 › open menu traps both Tab directions, closes with Escape and restores focus (reduced) (958ms)
  ✓   45 [width-768] › artifacts/motion-stage-9/regression/quote-formsubmit.spec.ts:39:1 › Quote goes only to FormSubmit with every detail and validated Reply-To (1.7s)
  ✓   46 [width-768] › artifacts/motion-stage-9/regression/nav-motion.spec.ts:110:3 › Lenis locks wheel, touch and keyboard without hiding body overflow (reduced) (2.1s)
  ✓   48 [width-768] › artifacts/motion-stage-9/regression/nav-motion.spec.ts:135:1 › scroll state changes only at the 80px boundary; hover uses transform and pseudo glow (1.8s)
  ✓   49 [width-768] › artifacts/motion-stage-9/regression/nav-motion.spec.ts:166:1 › repeat, live reduced motion, resize and navigation release the lock (1.5s)
  ✓   50 [width-768] › artifacts/motion-stage-9/regression/nav-motion.spec.ts:191:1 › short menus keep every keyboard focus ring inside the scrollable panel (575ms)
  ✓   51 [width-768] › artifacts/motion-stage-9/regression/utility-motion.spec.ts:11:1 › native FAQ keyboard, answer hinge, rapid toggles and cleanup (1.2s)
  ✓   52 [width-768] › artifacts/motion-stage-9/regression/utility-motion.spec.ts:37:49 › form depth, keyboard focus, values, notice and press /contact (1.8s)
  ✓   53 [width-768] › artifacts/motion-stage-9/regression/utility-motion.spec.ts:37:49 › form depth, keyboard focus, values, notice and press /get-a-quote (1.9s)
  ✓   54 [width-768] › artifacts/motion-stage-9/regression/utility-motion.spec.ts:64:1 › footer depth and native keyboard links (527ms)
  ✓   55 [width-768] › artifacts/motion-stage-9/regression/utility-motion.spec.ts:77:1 › reduced motion and no-JS preserve final readable content and native details (324ms)
(node:26289) Warning: The 'NO_COLOR' env is ignored due to the 'FORCE_COLOR' env being set.
(Use `node --trace-warnings ...` to show where the warning was created)
  ✓   56 [width-390] › artifacts/motion-stage-9/regression/contact-validation.spec.ts:27:1 › blank optional Phone with spaces reaches only the mocked FormSubmit endpoint (250ms)
  ✓   57 [width-390] › artifacts/motion-stage-9/regression/contact-validation.spec.ts:38:1 › invalid Email gets its own error and focus without any submission request (1.1s)
  ✓   58 [width-390] › artifacts/motion-stage-9/regression/contact-validation.spec.ts:50:1 › Subject and Message minimum errors focus the first invalid field and retain text (1.2s)
  ✓   59 [width-390] › artifacts/motion-stage-9/regression/contact-validation.spec.ts:65:1 › optional Email stays optional when Phone is valid (1.1s)
  ✓   60 [width-390] › artifacts/motion-stage-9/regression/contact-validation.spec.ts:76:1 › failed provider request remains separate from field errors and preserves inputs (1.1s)
  ✓   61 [width-390] › artifacts/motion-stage-9/regression/nav-motion.spec.ts:51:1 › closed nav has its original keyboard order and unobscured focus rings (115ms)
  ✓   62 [width-390] › artifacts/motion-stage-9/regression/nav-motion.spec.ts:72:3 › open menu traps both Tab directions, closes with Escape and restores focus (motion) (805ms)
  ✓   63 [width-390] › artifacts/motion-stage-9/regression/nav-motion.spec.ts:110:3 › Lenis locks wheel, touch and keyboard without hiding body overflow (motion) (2.1s)
  ✓   64 [width-390] › artifacts/motion-stage-9/regression/nav-motion.spec.ts:72:3 › open menu traps both Tab directions, closes with Escape and restores focus (reduced) (781ms)
  ✓   65 [width-390] › artifacts/motion-stage-9/regression/nav-motion.spec.ts:110:3 › Lenis locks wheel, touch and keyboard without hiding body overflow (reduced) (2.1s)
  ✓   66 [width-390] › artifacts/motion-stage-9/regression/nav-motion.spec.ts:135:1 › scroll state changes only at the 80px boundary; hover uses transform and pseudo glow (1.8s)
  ✓   67 [width-390] › artifacts/motion-stage-9/regression/nav-motion.spec.ts:166:1 › repeat, live reduced motion, resize and navigation release the lock (1.5s)
  ✓   68 [width-390] › artifacts/motion-stage-9/regression/nav-motion.spec.ts:191:1 › short menus keep every keyboard focus ring inside the scrollable panel (568ms)
  ✘   47 [width-768] › artifacts/motion-stage-9/regression/quote-formsubmit.spec.ts:59:1 › invalid inputs and honeypot never reach a network request (45.0s)
(node:26417) Warning: The 'NO_COLOR' env is ignored due to the 'FORCE_COLOR' env being set.
(Use `node --trace-warnings ...` to show where the warning was created)
  ✓   70 [width-768] › artifacts/motion-stage-9/regression/quote-formsubmit.spec.ts:76:1 › empty optional fields omit Reply-To without dropping units or false (216ms)
  ✘   69 [width-390] › artifacts/motion-stage-9/regression/process-motion.spec.ts:31:1 › same ordered list, four decoded equal photo frames, horizontal desktop and vertical mobile (45.0s)
(node:26463) Warning: The 'NO_COLOR' env is ignored due to the 'FORCE_COLOR' env being set.
(Use `node --trace-warnings ...` to show where the warning was created)
  ✘   71 [width-768] › artifacts/motion-stage-9/regression/quote-formsubmit.spec.ts:88:3 › rejected: preserves values, releases loading and never retries automatically (45.0s)
(node:26488) Warning: The 'NO_COLOR' env is ignored due to the 'FORCE_COLOR' env being set.
(Use `node --trace-warnings ...` to show where the warning was created)
  ✓   73 [width-768] › artifacts/motion-stage-9/regression/quote-formsubmit.spec.ts:88:3 › malformed: preserves values, releases loading and never retries automatically (2.0s)
  ✓   74 [width-768] › artifacts/motion-stage-9/regression/quote-formsubmit.spec.ts:88:3 › network: preserves values, releases loading and never retries automatically (546ms)
  ✓   75 [width-768] › artifacts/motion-stage-9/regression/quote-formsubmit.spec.ts:88:3 › timeout: preserves values, releases loading and never retries automatically (531ms)
  ✓   76 [width-768] › artifacts/motion-stage-9/regression/quote-formsubmit.spec.ts:88:3 › contradictory: preserves values, releases loading and never retries automatically (2.0s)
  ✘   72 [width-390] › artifacts/motion-stage-9/regression/process-motion.spec.ts:47:1 › continuous scroll drives exact depth, opacity, number glow and line, reversible without a timer (45.0s)
(node:26527) Warning: The 'NO_COLOR' env is ignored due to the 'FORCE_COLOR' env being set.
(Use `node --trace-warnings ...` to show where the warning was created)
  ✓   78 [width-390] › artifacts/motion-stage-9/regression/process-motion.spec.ts:67:1 › tall viewport settles on a stable middle blend and survives resize (1.2s)
  ✘   77 [width-768] › artifacts/motion-stage-9/regression/quote-formsubmit.spec.ts:113:1 › session attempt limit remains eight attempts per fifteen minutes (45.0s)
(node:26606) Warning: The 'NO_COLOR' env is ignored due to the 'FORCE_COLOR' env being set.
(Use `node --trace-warnings ...` to show where the warning was created)
  ✓   80 [width-390] › artifacts/motion-stage-9/regression/quote-formsubmit.spec.ts:39:1 › Quote goes only to FormSubmit with every detail and validated Reply-To (1.7s)
  ✓   81 [width-390] › artifacts/motion-stage-9/regression/quote-formsubmit.spec.ts:59:1 › invalid inputs and honeypot never reach a network request (3.3s)
  ✓   82 [width-390] › artifacts/motion-stage-9/regression/quote-formsubmit.spec.ts:76:1 › empty optional fields omit Reply-To without dropping units or false (251ms)
  ✓   83 [width-390] › artifacts/motion-stage-9/regression/quote-formsubmit.spec.ts:88:3 › rejected: preserves values, releases loading and never retries automatically (570ms)
  ✓   84 [width-390] › artifacts/motion-stage-9/regression/quote-formsubmit.spec.ts:88:3 › malformed: preserves values, releases loading and never retries automatically (1.9s)
  ✓   85 [width-390] › artifacts/motion-stage-9/regression/quote-formsubmit.spec.ts:88:3 › network: preserves values, releases loading and never retries automatically (1.9s)
  ✓   86 [width-390] › artifacts/motion-stage-9/regression/quote-formsubmit.spec.ts:88:3 › timeout: preserves values, releases loading and never retries automatically (1.9s)
  ✓   87 [width-390] › artifacts/motion-stage-9/regression/quote-formsubmit.spec.ts:88:3 › contradictory: preserves values, releases loading and never retries automatically (497ms)
  ✓   88 [width-390] › artifacts/motion-stage-9/regression/quote-formsubmit.spec.ts:113:1 › session attempt limit remains eight attempts per fifteen minutes (1.1s)
  ✓   89 [width-390] › artifacts/motion-stage-9/regression/utility-motion.spec.ts:11:1 › native FAQ keyboard, answer hinge, rapid toggles and cleanup (1.1s)
  ✓   90 [width-390] › artifacts/motion-stage-9/regression/utility-motion.spec.ts:37:49 › form depth, keyboard focus, values, notice and press /contact (1.1s)
  ✓   91 [width-390] › artifacts/motion-stage-9/regression/utility-motion.spec.ts:37:49 › form depth, keyboard focus, values, notice and press /get-a-quote (1.3s)
  ✓   92 [width-390] › artifacts/motion-stage-9/regression/utility-motion.spec.ts:64:1 › footer depth and native keyboard links (521ms)
  ✓   93 [width-390] › artifacts/motion-stage-9/regression/utility-motion.spec.ts:77:1 › reduced motion and no-JS preserve final readable content and native details (374ms)
(node:26691) Warning: The 'NO_COLOR' env is ignored due to the 'FORCE_COLOR' env being set.
(Use `node --trace-warnings ...` to show where the warning was created)
  ✓   94 [width-360] › artifacts/motion-stage-9/regression/contact-validation.spec.ts:27:1 › blank optional Phone with spaces reaches only the mocked FormSubmit endpoint (1.1s)
  ✓   95 [width-360] › artifacts/motion-stage-9/regression/contact-validation.spec.ts:38:1 › invalid Email gets its own error and focus without any submission request (1.1s)
  ✓   96 [width-360] › artifacts/motion-stage-9/regression/contact-validation.spec.ts:50:1 › Subject and Message minimum errors focus the first invalid field and retain text (142ms)
  ✓   97 [width-360] › artifacts/motion-stage-9/regression/contact-validation.spec.ts:65:1 › optional Email stays optional when Phone is valid (223ms)
  ✘   79 [width-390] › artifacts/motion-stage-9/regression/process-motion.spec.ts:79:1 › reduced motion and JavaScript failure keep every step fully visible and line drawn (45.0s)
(node:26714) Warning: The 'NO_COLOR' env is ignored due to the 'FORCE_COLOR' env being set.
(Use `node --trace-warnings ...` to show where the warning was created)
  ✓   99 [width-360] › artifacts/motion-stage-9/regression/nav-motion.spec.ts:51:1 › closed nav has its original keyboard order and unobscured focus rings (133ms)
  ✓   98 [width-360] › artifacts/motion-stage-9/regression/contact-validation.spec.ts:76:1 › failed provider request remains separate from field errors and preserves inputs (1.1s)
  ✓  100 [width-360] › artifacts/motion-stage-9/regression/nav-motion.spec.ts:72:3 › open menu traps both Tab directions, closes with Escape and restores focus (motion) (802ms)
  ✓  102 [width-360] › artifacts/motion-stage-9/regression/nav-motion.spec.ts:110:3 › Lenis locks wheel, touch and keyboard without hiding body overflow (motion) (2.1s)
  ✓  103 [width-360] › artifacts/motion-stage-9/regression/nav-motion.spec.ts:72:3 › open menu traps both Tab directions, closes with Escape and restores focus (reduced) (779ms)
  ✓  104 [width-360] › artifacts/motion-stage-9/regression/nav-motion.spec.ts:110:3 › Lenis locks wheel, touch and keyboard without hiding body overflow (reduced) (2.1s)
  ✓  105 [width-360] › artifacts/motion-stage-9/regression/nav-motion.spec.ts:135:1 › scroll state changes only at the 80px boundary; hover uses transform and pseudo glow (1.8s)
  ✓  106 [width-360] › artifacts/motion-stage-9/regression/nav-motion.spec.ts:166:1 › repeat, live reduced motion, resize and navigation release the lock (1.5s)
  ✓  107 [width-360] › artifacts/motion-stage-9/regression/nav-motion.spec.ts:191:1 › short menus keep every keyboard focus ring inside the scrollable panel (573ms)
  ✓  108 [width-360] › artifacts/motion-stage-9/regression/quote-formsubmit.spec.ts:39:1 › Quote goes only to FormSubmit with every detail and validated Reply-To (1.6s)
  ✓  109 [width-360] › artifacts/motion-stage-9/regression/quote-formsubmit.spec.ts:59:1 › invalid inputs and honeypot never reach a network request (611ms)
  ✓  110 [width-360] › artifacts/motion-stage-9/regression/quote-formsubmit.spec.ts:76:1 › empty optional fields omit Reply-To without dropping units or false (244ms)
  ✓  111 [width-360] › artifacts/motion-stage-9/regression/quote-formsubmit.spec.ts:88:3 › rejected: preserves values, releases loading and never retries automatically (1.9s)
  ✓  112 [width-360] › artifacts/motion-stage-9/regression/quote-formsubmit.spec.ts:88:3 › malformed: preserves values, releases loading and never retries automatically (1.9s)
  ✓  113 [width-360] › artifacts/motion-stage-9/regression/quote-formsubmit.spec.ts:88:3 › network: preserves values, releases loading and never retries automatically (1.9s)
  ✓  114 [width-360] › artifacts/motion-stage-9/regression/quote-formsubmit.spec.ts:88:3 › timeout: preserves values, releases loading and never retries automatically (1.9s)
  ✓  115 [width-360] › artifacts/motion-stage-9/regression/quote-formsubmit.spec.ts:88:3 › contradictory: preserves values, releases loading and never retries automatically (1.9s)
  ✓  116 [width-360] › artifacts/motion-stage-9/regression/quote-formsubmit.spec.ts:113:1 › session attempt limit remains eight attempts per fifteen minutes (2.5s)
  ✓  117 [width-360] › artifacts/motion-stage-9/regression/utility-motion.spec.ts:11:1 › native FAQ keyboard, answer hinge, rapid toggles and cleanup (1.1s)
  ✓  118 [width-360] › artifacts/motion-stage-9/regression/utility-motion.spec.ts:37:49 › form depth, keyboard focus, values, notice and press /contact (1.1s)
  ✓  119 [width-360] › artifacts/motion-stage-9/regression/utility-motion.spec.ts:37:49 › form depth, keyboard focus, values, notice and press /get-a-quote (1.3s)
  ✓  120 [width-360] › artifacts/motion-stage-9/regression/utility-motion.spec.ts:64:1 › footer depth and native keyboard links (521ms)
  ✓  121 [width-360] › artifacts/motion-stage-9/regression/utility-motion.spec.ts:77:1 › reduced motion and no-JS preserve final readable content and native details (313ms)
  ✘  101 [width-360] › artifacts/motion-stage-9/regression/process-motion.spec.ts:31:1 › same ordered list, four decoded equal photo frames, horizontal desktop and vertical mobile (45.0s)
(node:26841) Warning: The 'NO_COLOR' env is ignored due to the 'FORCE_COLOR' env being set.
(Use `node --trace-warnings ...` to show where the warning was created)
  ✘  122 [width-360] › artifacts/motion-stage-9/regression/process-motion.spec.ts:47:1 › continuous scroll drives exact depth, opacity, number glow and line, reversible without a timer (45.0s)
(node:26878) Warning: The 'NO_COLOR' env is ignored due to the 'FORCE_COLOR' env being set.
(Use `node --trace-warnings ...` to show where the warning was created)
  ✓  123 [width-360] › artifacts/motion-stage-9/regression/process-motion.spec.ts:67:1 › tall viewport settles on a stable middle blend and survives resize (1.1s)
