before 1440 /services/domestic PASS
before 1440 /services/international PASS
before 1440 /about PASS
before 1440 /contact PASS
before 1440 /get-a-quote PASS
before 1440 /faq PASS
before 1440 /track PASS
before 1440 /privacy PASS
before 1440 /terms PASS
before 1440 /404.html PASS
before 768 /services/domestic PASS
before 768 /services/international PASS
before 768 /about PASS
before 768 /contact PASS
before 768 /get-a-quote PASS
before 768 /faq PASS
before 768 /track PASS
before 768 /privacy PASS
before 768 /terms PASS
before 768 /404.html PASS
before 390 /services/domestic PASS
before 390 /services/international PASS
before 390 /about PASS
before 390 /contact PASS
before 390 /get-a-quote PASS
before 390 /faq PASS
before 390 /track PASS
before 390 /privacy PASS
before 390 /terms PASS
before 390 /404.html PASS
before 360 /services/domestic PASS
before 360 /services/international PASS
before 360 /about PASS
before 360 /contact PASS
before 360 /get-a-quote PASS
before 360 /faq PASS
before 360 /track PASS
before 360 /privacy PASS
before 360 /terms PASS
before 360 /404.html PASS
